Archive member included to satisfy reference by file (symbol)

c:/progra~2/gnuarm~1/102021~1.10/bin/../lib/gcc/arm-none-eabi/10.3.1/thumb/v6-m/nofp\libgcc.a(_dvmd_tls.o)
                              CMakeFiles/Proyecto.dir/C_/Users/Helios/Desktop/RASPBERRY/pico-sdk/src/rp2_common/pico_divider/divider.S.obj (__aeabi_idiv0)
c:/progra~2/gnuarm~1/102021~1.10/bin/../lib/gcc/arm-none-eabi/10.3.1/../../../../arm-none-eabi/lib/thumb/v6-m/nofp\libc.a(lib_a-atoi.o)
                              CMakeFiles/Proyecto.dir/C_/Users/Helios/Desktop/RASPBERRY/pico-sdk/lib/lwip/src/core/netif.c.obj (atoi)
c:/progra~2/gnuarm~1/102021~1.10/bin/../lib/gcc/arm-none-eabi/10.3.1/../../../../arm-none-eabi/lib/thumb/v6-m/nofp\libc.a(lib_a-calloc.o)
                              CMakeFiles/Proyecto.dir/C_/Users/Helios/Desktop/RASPBERRY/pico-sdk/src/rp2_common/pico_malloc/pico_malloc.c.obj (calloc)
c:/progra~2/gnuarm~1/102021~1.10/bin/../lib/gcc/arm-none-eabi/10.3.1/../../../../arm-none-eabi/lib/thumb/v6-m/nofp\libc.a(lib_a-callocr.o)
                              c:/progra~2/gnuarm~1/102021~1.10/bin/../lib/gcc/arm-none-eabi/10.3.1/../../../../arm-none-eabi/lib/thumb/v6-m/nofp\libc.a(lib_a-calloc.o) (_calloc_r)
c:/progra~2/gnuarm~1/102021~1.10/bin/../lib/gcc/arm-none-eabi/10.3.1/../../../../arm-none-eabi/lib/thumb/v6-m/nofp\libc.a(lib_a-ctype_.o)
                              CMakeFiles/Proyecto.dir/C_/Users/Helios/Desktop/RASPBERRY/pico-sdk/lib/lwip/src/core/dns.c.obj (_ctype_)
c:/progra~2/gnuarm~1/102021~1.10/bin/../lib/gcc/arm-none-eabi/10.3.1/../../../../arm-none-eabi/lib/thumb/v6-m/nofp\libc.a(lib_a-errno.o)
                              c:/progra~2/gnuarm~1/102021~1.10/bin/../lib/gcc/arm-none-eabi/10.3.1/../../../../arm-none-eabi/lib/thumb/v6-m/nofp\libc.a(lib_a-callocr.o) (__errno)
c:/progra~2/gnuarm~1/102021~1.10/bin/../lib/gcc/arm-none-eabi/10.3.1/../../../../arm-none-eabi/lib/thumb/v6-m/nofp\libc.a(lib_a-impure.o)
                              c:/progra~2/gnuarm~1/102021~1.10/bin/../lib/gcc/arm-none-eabi/10.3.1/../../../../arm-none-eabi/lib/thumb/v6-m/nofp\libc.a(lib_a-calloc.o) (_impure_ptr)
c:/progra~2/gnuarm~1/102021~1.10/bin/../lib/gcc/arm-none-eabi/10.3.1/../../../../arm-none-eabi/lib/thumb/v6-m/nofp\libc.a(lib_a-init.o)
                              c:/progra~2/gnuarm~1/102021~1.10/bin/../lib/gcc/arm-none-eabi/10.3.1/../../../../arm-none-eabi/lib/thumb/v6-m/nofp/crt0.o (__libc_init_array)
c:/progra~2/gnuarm~1/102021~1.10/bin/../lib/gcc/arm-none-eabi/10.3.1/../../../../arm-none-eabi/lib/thumb/v6-m/nofp\libc.a(lib_a-malloc.o)
                              CMakeFiles/Proyecto.dir/C_/Users/Helios/Desktop/RASPBERRY/pico-sdk/src/rp2_common/pico_malloc/pico_malloc.c.obj (malloc)
c:/progra~2/gnuarm~1/102021~1.10/bin/../lib/gcc/arm-none-eabi/10.3.1/../../../../arm-none-eabi/lib/thumb/v6-m/nofp\libc.a(lib_a-mallocr.o)
                              c:/progra~2/gnuarm~1/102021~1.10/bin/../lib/gcc/arm-none-eabi/10.3.1/../../../../arm-none-eabi/lib/thumb/v6-m/nofp\libc.a(lib_a-callocr.o) (_malloc_r)
c:/progra~2/gnuarm~1/102021~1.10/bin/../lib/gcc/arm-none-eabi/10.3.1/../../../../arm-none-eabi/lib/thumb/v6-m/nofp\libc.a(lib_a-memcmp.o)
                              CMakeFiles/Proyecto.dir/C_/Users/Helios/Desktop/RASPBERRY/pico-sdk/lib/lwip/src/netif/ethernet.c.obj (memcmp)
c:/progra~2/gnuarm~1/102021~1.10/bin/../lib/gcc/arm-none-eabi/10.3.1/../../../../arm-none-eabi/lib/thumb/v6-m/nofp\libc.a(lib_a-memmove.o)
                              CMakeFiles/Proyecto.dir/C_/Users/Helios/Desktop/RASPBERRY/pico-sdk/lib/cyw43-driver/src/cyw43_ll.c.obj (memmove)
c:/progra~2/gnuarm~1/102021~1.10/bin/../lib/gcc/arm-none-eabi/10.3.1/../../../../arm-none-eabi/lib/thumb/v6-m/nofp\libc.a(lib_a-mlock.o)
                              c:/progra~2/gnuarm~1/102021~1.10/bin/../lib/gcc/arm-none-eabi/10.3.1/../../../../arm-none-eabi/lib/thumb/v6-m/nofp\libc.a(lib_a-mallocr.o) (__malloc_lock)
c:/progra~2/gnuarm~1/102021~1.10/bin/../lib/gcc/arm-none-eabi/10.3.1/../../../../arm-none-eabi/lib/thumb/v6-m/nofp\libc.a(lib_a-realloc.o)
                              CMakeFiles/Proyecto.dir/C_/Users/Helios/Desktop/RASPBERRY/pico-sdk/src/rp2_common/pico_malloc/pico_malloc.c.obj (realloc)
c:/progra~2/gnuarm~1/102021~1.10/bin/../lib/gcc/arm-none-eabi/10.3.1/../../../../arm-none-eabi/lib/thumb/v6-m/nofp\libc.a(lib_a-reallocr.o)
                              c:/progra~2/gnuarm~1/102021~1.10/bin/../lib/gcc/arm-none-eabi/10.3.1/../../../../arm-none-eabi/lib/thumb/v6-m/nofp\libc.a(lib_a-realloc.o) (_realloc_r)
c:/progra~2/gnuarm~1/102021~1.10/bin/../lib/gcc/arm-none-eabi/10.3.1/../../../../arm-none-eabi/lib/thumb/v6-m/nofp\libc.a(lib_a-sbrkr.o)
                              c:/progra~2/gnuarm~1/102021~1.10/bin/../lib/gcc/arm-none-eabi/10.3.1/../../../../arm-none-eabi/lib/thumb/v6-m/nofp\libc.a(lib_a-mallocr.o) (_sbrk_r)
[...]
Memory Configuration

Name             Origin             Length             Attributes
FLASH            0x10000000         0x00200000         xr
RAM              0x20000000         0x00040000         xrw
SCRATCH_X        0x20040000         0x00001000         xrw
SCRATCH_Y        0x20041000         0x00001000         xrw
*default*        0x00000000         0xffffffff

Linker script and memory map

LOAD c:/progra~2/gnuarm~1/102021~1.10/bin/../lib/gcc/arm-none-eabi/10.3.1/thumb/v6-m/nofp/crti.o
LOAD c:/progra~2/gnuarm~1/102021~1.10/bin/../lib/gcc/arm-none-eabi/10.3.1/thumb/v6-m/nofp/crtbegin.o
LOAD c:/progra~2/gnuarm~1/102021~1.10/bin/../lib/gcc/arm-none-eabi/10.3.1/../../../../arm-none-eabi/lib/thumb/v6-m/nofp/crt0.o

.flash_begin    0x10000000        0x0
                0x10000000                __flash_binary_start = .

.boot2          0x10000000      0x100
                0x10000000                __boot2_start__ = .
 *(.boot2)
 .boot2         0x10000000      0x100 C:\Users\Helios\AppData\Local\Temp\ccEUXnhm.o
                0x10000100                __boot2_end__ = .
                0x00000001                ASSERT (((__boot2_end__ - __boot2_start__) == 0x100), ERROR: Pico second stage bootloader must be 256 bytes in size)

.text           0x10000100    0x1a620
                0x10000100                __logical_binary_start = .
 *(.vectors)
 .vectors       0x10000100       0xd4 CMakeFiles/Proyecto.dir/C_/Users/Helios/Desktop/RASPBERRY/pico-sdk/src/rp2_common/pico_standard_link/crt0.S.obj
                0x10000100                __VECTOR_TABLE
                0x10000100                __vectors
                0x100001c0                isr_invalid
                0x100001c0                __default_isrs_start
                0x100001c2                isr_nmi
                0x100001c4                isr_hardfault
                0x100001c6                isr_svcall
                0x100001c8                isr_pendsv
                0x100001ca                isr_systick
                0x100001cc                isr_irq23
                0x100001cc                isr_irq18
                0x100001cc                isr_irq11
                0x100001cc                isr_irq28
                0x100001cc                isr_irq19
                0x100001cc                isr_irq0
                0x100001cc                isr_irq6
                0x100001cc                isr_irq5
                0x100001cc                isr_irq12
                0x100001cc                isr_irq22
                0x100001cc                isr_irq31
                0x100001cc                isr_irq17
                0x100001cc                isr_irq27
                0x100001cc                isr_irq30
                0x100001cc                isr_irq2
                0x100001cc                isr_irq10
                0x100001cc                isr_irq8
                0x100001cc                isr_irq24
                0x100001cc                isr_irq1
                0x100001cc                isr_irq7
                0x100001cc                isr_irq21
                0x100001cc                isr_irq20
                0x100001cc                isr_irq15
                0x100001cc                isr_irq25
                0x100001cc                isr_irq13
                0x100001cc                __unhandled_user_irq
                0x100001cc                isr_irq4
                0x100001cc                isr_irq16
                0x100001cc                isr_irq29
                0x100001cc                isr_irq26
                0x100001cc                __default_isrs_end
                0x100001cc                isr_irq3
                0x100001cc                isr_irq14
                0x100001cc                isr_irq9
                0x100001d2                unhandled_user_irq_num_in_r0
 *(.binary_info_header)
 .binary_info_header
                0x100001d4       0x14 CMakeFiles/Proyecto.dir/C_/Users/Helios/Desktop/RASPBERRY/pico-sdk/src/rp2_common/pico_standard_link/crt0.S.obj
                0x100001e8                __binary_info_header_end = .
 *(.reset)
 .reset         0x100001e8       0xa8 CMakeFiles/Proyecto.dir/C_/Users/Helios/Desktop/RASPBERRY/pico-sdk/src/rp2_common/pico_standard_link/crt0.S.obj
                0x100001e8                _entry_point
                0x10000266                __get_current_exception
 .reset         0x10000290       0x30 CMakeFiles/Proyecto.dir/C_/Users/Helios/Desktop/RASPBERRY/pico-sdk/src/rp2_common/pico_standard_link/binary_info.c.obj
 *(.init)
 .init          0x100002c0        0x4 c:/progra~2/gnuarm~1/102021~1.10/bin/../lib/gcc/arm-none-eabi/10.3.1/thumb/v6-m/nofp/crti.o
                0x100002c0                _init
 *(EXCLUDE_FILE(*libm.a: *libc.a:*lib_a-mem*.o *libgcc.a:) .text*)
 .text          0x100002c4       0x48 c:/progra~2/gnuarm~1/102021~1.10/bin/../lib/gcc/arm-none-eabi/10.3.1/thumb/v6-m/nofp/crtbegin.o
 .text.tcp_server_sent
                0x1000030c       0x44 CMakeFiles/Proyecto.dir/main.c.obj
 .text.button_isr_handler
                0x10000350       0x54 CMakeFiles/Proyecto.dir/main.c.obj
                0x10000350                button_isr_handler
 .text.timerCallback
                0x100003a4       0x20 CMakeFiles/Proyecto.dir/main.c.obj
                0x100003a4                timerCallback
 .text.tcp_server_result.isra.0
                0x100003c4       0x88 CMakeFiles/Proyecto.dir/main.c.obj
 .text.tcp_server_err
                0x1000044c       0x20 CMakeFiles/Proyecto.dir/main.c.obj
 .text.run_tcp_server_testTask
                0x1000046c       0xb4 CMakeFiles/Proyecto.dir/main.c.obj
                0x1000046c                run_tcp_server_testTask
 .text.lcdTask  0x10000520      0x330 CMakeFiles/Proyecto.dir/main.c.obj
                0x10000520                lcdTask
 .text.read_from_dht
                0x10000850      0x130 CMakeFiles/Proyecto.dir/main.c.obj
                0x10000850                read_from_dht
 .text.sensorTask
                0x10000980       0x2c CMakeFiles/Proyecto.dir/main.c.obj
                0x10000980                sensorTask
 .text.lcd_init
                0x100009ac      0x580 CMakeFiles/Proyecto.dir/main.c.obj
                0x100009ac                lcd_init
 .text.update_and_send_dht_data
                0x10000f2c       0xcc CMakeFiles/Proyecto.dir/main.c.obj
                0x10000f2c                update_and_send_dht_data
 .text.tcp_server_recv
                0x10000ff8       0x1c CMakeFiles/Proyecto.dir/main.c.obj
                0x10000ff8                tcp_server_recv
 .text.tcp_server_accept
                0x10001014       0x6c CMakeFiles/Proyecto.dir/main.c.obj
 .text.vLaunch  0x10001080       0x80 CMakeFiles/Proyecto.dir/main.c.obj
                0x10001080                vLaunch
 .text.startup.main
                0x10001100      0x128 CMakeFiles/Proyecto.dir/main.c.obj
                0x10001100                main
 .text.i2c_set_baudrate
                0x10001228       0xc4 CMakeFiles/Proyecto.dir/C_/Users/Helios/Desktop/RASPBERRY/pico-sdk/src/rp2_common/hardware_i2c/i2c.c.obj
                0x10001228                i2c_set_baudrate
 .text.i2c_init
                0x100012ec       0x54 CMakeFiles/Proyecto.dir/C_/Users/Helios/Desktop/RASPBERRY/pico-sdk/src/rp2_common/hardware_i2c/i2c.c.obj
                0x100012ec                i2c_init
 .text.i2c_write_blocking
                0x10001340       0xd0 CMakeFiles/Proyecto.dir/C_/Users/Helios/Desktop/RASPBERRY/pico-sdk/src/rp2_common/hardware_i2c/i2c.c.obj
                0x10001340                i2c_write_blocking
 .text.hw_claim_lock
                0x10001410       0x18 CMakeFiles/Proyecto.dir/C_/Users/Helios/Desktop/RASPBERRY/pico-sdk/src/rp2_common/hardware_claim/claim.c.obj
                0x10001410                hw_claim_lock
 .text.hw_claim_unlock
                0x10001428       0x14 CMakeFiles/Proyecto.dir/C_/Users/Helios/Desktop/RASPBERRY/pico-sdk/src/rp2_common/hardware_claim/claim.c.obj
                0x10001428                hw_claim_unlock
 .text.hw_claim_or_assert
                0x1000143c       0x44 CMakeFiles/Proyecto.dir/C_/Users/Helios/Desktop/RASPBERRY/pico-sdk/src/rp2_common/hardware_claim/claim.c.obj
                0x1000143c                hw_claim_or_assert
 .text.hw_claim_unused_from_range
                0x10001480       0x9c CMakeFiles/Proyecto.dir/C_/Users/Helios/Desktop/RASPBERRY/pico-sdk/src/rp2_common/hardware_claim/claim.c.obj
                0x10001480                hw_claim_unused_from_range
 .text.hw_claim_clear
                0x1000151c       0x38 CMakeFiles/Proyecto.dir/C_/Users/Helios/Desktop/RASPBERRY/pico-sdk/src/rp2_common/hardware_claim/claim.c.obj
                0x1000151c                hw_claim_clear
 .text.running_on_fpga
                0x10001554       0x10 CMakeFiles/Proyecto.dir/C_/Users/Helios/Desktop/RASPBERRY/pico-sdk/src/rp2_common/pico_platform/platform.c.obj
                0x10001554                running_on_fpga
 .text.spin_locks_reset
                0x10001564       0x1c CMakeFiles/Proyecto.dir/C_/Users/Helios/Desktop/RASPBERRY/pico-sdk/src/rp2_common/hardware_sync/sync.c.obj
                0x10001564                spin_locks_reset
 .text.next_striped_spin_lock_num
                0x10001580       0x18 CMakeFiles/Proyecto.dir/C_/Users/Helios/Desktop/RASPBERRY/pico-sdk/src/rp2_common/hardware_sync/sync.c.obj
                0x10001580                next_striped_spin_lock_num
 .text.spin_lock_claim_unused
                0x10001598       0x20 CMakeFiles/Proyecto.dir/C_/Users/Helios/Desktop/RASPBERRY/pico-sdk/src/rp2_common/hardware_sync/sync.c.obj
                0x10001598                spin_lock_claim_unused
 .text.gpio_default_irq_handler
                0x100015b8      0x248 CMakeFiles/Proyecto.dir/C_/Users/Helios/Desktop/RASPBERRY/pico-sdk/src/rp2_common/hardware_gpio/gpio.c.obj
 .text.gpio_set_function
                0x10001800       0x30 CMakeFiles/Proyecto.dir/C_/Users/Helios/Desktop/RASPBERRY/pico-sdk/src/rp2_common/hardware_gpio/gpio.c.obj
                0x10001800                gpio_set_function
 .text.gpio_set_pulls
                0x10001830       0x30 CMakeFiles/Proyecto.dir/C_/Users/Helios/Desktop/RASPBERRY/pico-sdk/src/rp2_common/hardware_gpio/gpio.c.obj
                0x10001830                gpio_set_pulls
 .text.gpio_set_input_hysteresis_enabled
                0x10001860       0x28 CMakeFiles/Proyecto.dir/C_/Users/Helios/Desktop/RASPBERRY/pico-sdk/src/rp2_common/hardware_gpio/gpio.c.obj
                0x10001860                gpio_set_input_hysteresis_enabled
 .text.gpio_set_irq_enabled
                0x10001888       0x54 CMakeFiles/Proyecto.dir/C_/Users/Helios/Desktop/RASPBERRY/pico-sdk/src/rp2_common/hardware_gpio/gpio.c.obj
                0x10001888                gpio_set_irq_enabled
 .text.gpio_set_irq_enabled_with_callback
                0x100018dc       0xb0 CMakeFiles/Proyecto.dir/C_/Users/Helios/Desktop/RASPBERRY/pico-sdk/src/rp2_common/hardware_gpio/gpio.c.obj
                0x100018dc                gpio_set_irq_enabled_with_callback
 .text.gpio_add_raw_irq_handler_with_order_priority_masked
                0x1000198c       0x44 CMakeFiles/Proyecto.dir/C_/Users/Helios/Desktop/RASPBERRY/pico-sdk/src/rp2_common/hardware_gpio/gpio.c.obj
                0x1000198c                gpio_add_raw_irq_handler_with_order_priority_masked
 .text.gpio_init
                0x100019d0       0x3c CMakeFiles/Proyecto.dir/C_/Users/Helios/Desktop/RASPBERRY/pico-sdk/src/rp2_common/hardware_gpio/gpio.c.obj
                0x100019d0                gpio_init
 .text.irq_set_enabled
                0x10001a0c       0x24 CMakeFiles/Proyecto.dir/C_/Users/Helios/Desktop/RASPBERRY/pico-sdk/src/rp2_common/hardware_irq/irq.c.obj
                0x10001a0c                irq_set_enabled
 .text.irq_set_pending
                0x10001a30       0x10 CMakeFiles/Proyecto.dir/C_/Users/Helios/Desktop/RASPBERRY/pico-sdk/src/rp2_common/hardware_irq/irq.c.obj
                0x10001a30                irq_set_pending
 .text.irq_has_shared_handler
                0x10001a40       0x2c CMakeFiles/Proyecto.dir/C_/Users/Helios/Desktop/RASPBERRY/pico-sdk/src/rp2_common/hardware_irq/irq.c.obj
                0x10001a40                irq_has_shared_handler
 .text.irq_get_vtable_handler
                0x10001a6c       0x10 CMakeFiles/Proyecto.dir/C_/Users/Helios/Desktop/RASPBERRY/pico-sdk/src/rp2_common/hardware_irq/irq.c.obj
                0x10001a6c                irq_get_vtable_handler
 .text.irq_set_exclusive_handler
                0x10001a7c       0x54 CMakeFiles/Proyecto.dir/C_/Users/Helios/Desktop/RASPBERRY/pico-sdk/src/rp2_common/hardware_irq/irq.c.obj
                0x10001a7c                irq_set_exclusive_handler
 .text.irq_add_shared_handler
                0x10001ad0      0x1e4 CMakeFiles/Proyecto.dir/C_/Users/Helios/Desktop/RASPBERRY/pico-sdk/src/rp2_common/hardware_irq/irq.c.obj
                0x10001ad0                irq_add_shared_handler
 .text.irq_remove_handler
                0x10001cb4      0x1b4 CMakeFiles/Proyecto.dir/C_/Users/Helios/Desktop/RASPBERRY/pico-sdk/src/rp2_common/hardware_irq/irq.c.obj
                0x10001cb4                irq_remove_handler
 .text.irq_add_tail_to_free_list
                0x10001e68       0xb4 CMakeFiles/Proyecto.dir/C_/Users/Helios/Desktop/RASPBERRY/pico-sdk/src/rp2_common/hardware_irq/irq.c.obj
                0x10001e68                irq_add_tail_to_free_list
 .text.irq_init_priorities
                0x10001f1c       0x24 CMakeFiles/Proyecto.dir/C_/Users/Helios/Desktop/RASPBERRY/pico-sdk/src/rp2_common/hardware_irq/irq.c.obj
                0x10001f1c                irq_init_priorities
 .text.user_irq_claim_unused
                0x10001f40       0x30 CMakeFiles/Proyecto.dir/C_/Users/Helios/Desktop/RASPBERRY/pico-sdk/src/rp2_common/hardware_irq/irq.c.obj
                0x10001f40                user_irq_claim_unused
 .text.lock_init
                0x10001f70       0x10 CMakeFiles/Proyecto.dir/C_/Users/Helios/Desktop/RASPBERRY/pico-sdk/src/common/pico_sync/lock_core.c.obj
                0x10001f70                lock_init
 .text.timer_pool_entry_comparator
                0x10001f80       0x34 CMakeFiles/Proyecto.dir/C_/Users/Helios/Desktop/RASPBERRY/pico-sdk/src/common/pico_time/time.c.obj
                0x10001f80                timer_pool_entry_comparator
 .text.sleep_until_callback
                0x10001fb4       0x24 CMakeFiles/Proyecto.dir/C_/Users/Helios/Desktop/RASPBERRY/pico-sdk/src/common/pico_time/time.c.obj
 .text.add_alarm_under_lock.isra.0
                0x10001fd8      0x100 CMakeFiles/Proyecto.dir/C_/Users/Helios/Desktop/RASPBERRY/pico-sdk/src/common/pico_time/time.c.obj
 .text.alarm_pool_alarm_callback
                0x100020d8      0x1c8 CMakeFiles/Proyecto.dir/C_/Users/Helios/Desktop/RASPBERRY/pico-sdk/src/common/pico_time/time.c.obj
 .text.alarm_pool_add_alarm_at.constprop.0
                0x100022a0      0x11c CMakeFiles/Proyecto.dir/C_/Users/Helios/Desktop/RASPBERRY/pico-sdk/src/common/pico_time/time.c.obj
 .text.alarm_pool_init_default
                0x100023bc       0x64 CMakeFiles/Proyecto.dir/C_/Users/Helios/Desktop/RASPBERRY/pico-sdk/src/common/pico_time/time.c.obj
                0x100023bc                alarm_pool_init_default
 .text.alarm_pool_get_default
                0x10002420        0x8 CMakeFiles/Proyecto.dir/C_/Users/Helios/Desktop/RASPBERRY/pico-sdk/src/common/pico_time/time.c.obj
                0x10002420                alarm_pool_get_default
 .text.alarm_pool_add_alarm_at
                0x10002428      0x194 CMakeFiles/Proyecto.dir/C_/Users/Helios/Desktop/RASPBERRY/pico-sdk/src/common/pico_time/time.c.obj
                0x10002428                alarm_pool_add_alarm_at
 .text.sleep_until
                0x100025bc       0xa4 CMakeFiles/Proyecto.dir/C_/Users/Helios/Desktop/RASPBERRY/pico-sdk/src/common/pico_time/time.c.obj
                0x100025bc                sleep_until
 .text.sleep_us
                0x10002660       0x30 CMakeFiles/Proyecto.dir/C_/Users/Helios/Desktop/RASPBERRY/pico-sdk/src/common/pico_time/time.c.obj
                0x10002660                sleep_us
 .text.sleep_ms
                0x10002690       0x38 CMakeFiles/Proyecto.dir/C_/Users/Helios/Desktop/RASPBERRY/pico-sdk/src/common/pico_time/time.c.obj
                0x10002690                sleep_ms
 .text.best_effort_wfe_or_timeout
                0x100026c8       0xd4 CMakeFiles/Proyecto.dir/C_/Users/Helios/Desktop/RASPBERRY/pico-sdk/src/common/pico_time/time.c.obj
                0x100026c8                best_effort_wfe_or_timeout
 .text.hardware_alarm_irq_handler
                0x1000279c       0xb8 CMakeFiles/Proyecto.dir/C_/Users/Helios/Desktop/RASPBERRY/pico-sdk/src/rp2_common/hardware_timer/timer.c.obj
 .text.hardware_alarm_claim
                0x10002854       0x18 CMakeFiles/Proyecto.dir/C_/Users/Helios/Desktop/RASPBERRY/pico-sdk/src/rp2_common/hardware_timer/timer.c.obj
                0x10002854                hardware_alarm_claim
 .text.time_us_64
                0x1000286c       0x14 CMakeFiles/Proyecto.dir/C_/Users/Helios/Desktop/RASPBERRY/pico-sdk/src/rp2_common/hardware_timer/timer.c.obj
                0x1000286c                time_us_64
 .text.busy_wait_until
                0x10002880       0x20 CMakeFiles/Proyecto.dir/C_/Users/Helios/Desktop/RASPBERRY/pico-sdk/src/rp2_common/hardware_timer/timer.c.obj
                0x10002880                busy_wait_until
 .text.hardware_alarm_set_callback
                0x100028a0       0x8c CMakeFiles/Proyecto.dir/C_/Users/Helios/Desktop/RASPBERRY/pico-sdk/src/rp2_common/hardware_timer/timer.c.obj
                0x100028a0                hardware_alarm_set_callback
 .text.hardware_alarm_set_target
                0x1000292c       0xe0 CMakeFiles/Proyecto.dir/C_/Users/Helios/Desktop/RASPBERRY/pico-sdk/src/rp2_common/hardware_timer/timer.c.obj
                0x1000292c                hardware_alarm_set_target
 .text.hardware_alarm_cancel
                0x10002a0c       0x3c CMakeFiles/Proyecto.dir/C_/Users/Helios/Desktop/RASPBERRY/pico-sdk/src/rp2_common/hardware_timer/timer.c.obj
                0x10002a0c                hardware_alarm_cancel
 .text.ph_merge_nodes
                0x10002a48       0x68 CMakeFiles/Proyecto.dir/C_/Users/Helios/Desktop/RASPBERRY/pico-sdk/src/common/pico_util/pheap.c.obj
 .text.ph_post_alloc_init
                0x10002ab0       0x3c CMakeFiles/Proyecto.dir/C_/Users/Helios/Desktop/RASPBERRY/pico-sdk/src/common/pico_util/pheap.c.obj
                0x10002ab0                ph_post_alloc_init
 .text.ph_merge_two_pass
                0x10002aec       0x90 CMakeFiles/Proyecto.dir/C_/Users/Helios/Desktop/RASPBERRY/pico-sdk/src/common/pico_util/pheap.c.obj
                0x10002aec                ph_merge_two_pass
 .text.ph_remove_any_head
                0x10002b7c       0xf8 CMakeFiles/Proyecto.dir/C_/Users/Helios/Desktop/RASPBERRY/pico-sdk/src/common/pico_util/pheap.c.obj
 .text.ph_remove_head
                0x10002c74       0xfc CMakeFiles/Proyecto.dir/C_/Users/Helios/Desktop/RASPBERRY/pico-sdk/src/common/pico_util/pheap.c.obj
                0x10002c74                ph_remove_head
 .text.ph_remove_and_free_node
                0x10002d70       0x7c CMakeFiles/Proyecto.dir/C_/Users/Helios/Desktop/RASPBERRY/pico-sdk/src/common/pico_util/pheap.c.obj
                0x10002d70                ph_remove_and_free_node
 .text.mutex_init
                0x10002dec       0x1c CMakeFiles/Proyecto.dir/C_/Users/Helios/Desktop/RASPBERRY/pico-sdk/src/common/pico_sync/mutex.c.obj
                0x10002dec                mutex_init
 .text.recursive_mutex_init
                0x10002e08       0x20 CMakeFiles/Proyecto.dir/C_/Users/Helios/Desktop/RASPBERRY/pico-sdk/src/common/pico_sync/mutex.c.obj
                0x10002e08                recursive_mutex_init
 .text.critical_section_init
                0x10002e28       0x20 CMakeFiles/Proyecto.dir/C_/Users/Helios/Desktop/RASPBERRY/pico-sdk/src/common/pico_sync/critical_section.c.obj
                0x10002e28                critical_section_init
 .text.runtime_init
                0x10002e48       0xf0 CMakeFiles/Proyecto.dir/C_/Users/Helios/Desktop/RASPBERRY/pico-sdk/src/rp2_common/pico_runtime/runtime.c.obj
                0x10002e48                runtime_init
 .text._sbrk    0x10002f38       0x34 CMakeFiles/Proyecto.dir/C_/Users/Helios/Desktop/RASPBERRY/pico-sdk/src/rp2_common/pico_runtime/runtime.c.obj
                0x10002f38                _sbrk
 .text.exit     0x10002f6c        0x4 CMakeFiles/Proyecto.dir/C_/Users/Helios/Desktop/RASPBERRY/pico-sdk/src/rp2_common/pico_runtime/runtime.c.obj
                0x10002f6c                exit
 .text.panic    0x10002f70       0x30 CMakeFiles/Proyecto.dir/C_/Users/Helios/Desktop/RASPBERRY/pico-sdk/src/rp2_common/pico_runtime/runtime.c.obj
                0x10002f70                panic
 .text.panic_unsupported
                0x10002fa0        0xc CMakeFiles/Proyecto.dir/C_/Users/Helios/Desktop/RASPBERRY/pico-sdk/src/rp2_common/pico_runtime/runtime.c.obj
                0x10002fa0                panic_unsupported
 .text.hard_assertion_failure
                0x10002fac        0xc CMakeFiles/Proyecto.dir/C_/Users/Helios/Desktop/RASPBERRY/pico-sdk/src/rp2_common/pico_runtime/runtime.c.obj
                0x10002fac                hard_assertion_failure
 .text.clocks_init
                0x10002fb8      0x2bc CMakeFiles/Proyecto.dir/C_/Users/Helios/Desktop/RASPBERRY/pico-sdk/src/rp2_common/hardware_clocks/clocks.c.obj
                0x10002fb8                clocks_init
 .text.clock_get_hz
                0x10003274        0xc CMakeFiles/Proyecto.dir/C_/Users/Helios/Desktop/RASPBERRY/pico-sdk/src/rp2_common/hardware_clocks/clocks.c.obj
                0x10003274                clock_get_hz
 .text.pll_init
                0x10003280       0xb0 CMakeFiles/Proyecto.dir/C_/Users/Helios/Desktop/RASPBERRY/pico-sdk/src/rp2_common/hardware_pll/pll.c.obj
                0x10003280                pll_init
 .text.watchdog_start_tick
                0x10003330       0x10 CMakeFiles/Proyecto.dir/C_/Users/Helios/Desktop/RASPBERRY/pico-sdk/src/rp2_common/hardware_watchdog/watchdog.c.obj
                0x10003330                watchdog_start_tick
 .text.watchdog_reboot
                0x10003340       0x98 CMakeFiles/Proyecto.dir/C_/Users/Helios/Desktop/RASPBERRY/pico-sdk/src/rp2_common/hardware_watchdog/watchdog.c.obj
                0x10003340                watchdog_reboot
 .text.xosc_init
                0x100033d8       0x28 CMakeFiles/Proyecto.dir/C_/Users/Helios/Desktop/RASPBERRY/pico-sdk/src/rp2_common/hardware_xosc/xosc.c.obj
                0x100033d8                xosc_init
 .text._out_buffer
                0x10003400        0x8 CMakeFiles/Proyecto.dir/C_/Users/Helios/Desktop/RASPBERRY/pico-sdk/src/rp2_common/pico_printf/printf.c.obj
 .text._out_null
                0x10003408        0x4 CMakeFiles/Proyecto.dir/C_/Users/Helios/Desktop/RASPBERRY/pico-sdk/src/rp2_common/pico_printf/printf.c.obj
 .text._out_rev
                0x1000340c       0x9c CMakeFiles/Proyecto.dir/C_/Users/Helios/Desktop/RASPBERRY/pico-sdk/src/rp2_common/pico_printf/printf.c.obj
 .text._ntoa_format
                0x100034a8      0x1cc CMakeFiles/Proyecto.dir/C_/Users/Helios/Desktop/RASPBERRY/pico-sdk/src/rp2_common/pico_printf/printf.c.obj
 .text._out_char
                0x10003674       0x10 CMakeFiles/Proyecto.dir/C_/Users/Helios/Desktop/RASPBERRY/pico-sdk/src/rp2_common/pico_printf/printf.c.obj
 .text._out_fct
                0x10003684       0x10 CMakeFiles/Proyecto.dir/C_/Users/Helios/Desktop/RASPBERRY/pico-sdk/src/rp2_common/pico_printf/printf.c.obj
 .text._etoa    0x10003694      0x44c CMakeFiles/Proyecto.dir/C_/Users/Helios/Desktop/RASPBERRY/pico-sdk/src/rp2_common/pico_printf/printf.c.obj
 .text._ftoa    0x10003ae0      0x398 CMakeFiles/Proyecto.dir/C_/Users/Helios/Desktop/RASPBERRY/pico-sdk/src/rp2_common/pico_printf/printf.c.obj
 .text._vsnprintf
                0x10003e78      0xb04 CMakeFiles/Proyecto.dir/C_/Users/Helios/Desktop/RASPBERRY/pico-sdk/src/rp2_common/pico_printf/printf.c.obj
 .text.__wrap_snprintf
                0x1000497c       0x28 CMakeFiles/Proyecto.dir/C_/Users/Helios/Desktop/RASPBERRY/pico-sdk/src/rp2_common/pico_printf/printf.c.obj
                0x1000497c                __wrap_snprintf
 .text.vfctprintf
                0x100049a4       0x20 CMakeFiles/Proyecto.dir/C_/Users/Helios/Desktop/RASPBERRY/pico-sdk/src/rp2_common/pico_printf/printf.c.obj
                0x100049a4                vfctprintf
 .text.weak_raw_vprintf
                0x100049c4       0x30 CMakeFiles/Proyecto.dir/C_/Users/Helios/Desktop/RASPBERRY/pico-sdk/src/rp2_common/pico_printf/printf.c.obj
                0x100049c4                weak_raw_vprintf
 .text          0x100049f4       0x10 CMakeFiles/Proyecto.dir/C_/Users/Helios/Desktop/RASPBERRY/pico-sdk/src/rp2_common/pico_bit_ops/bit_ops_aeabi.S.obj
 .text.ctzsi    0x10004a04        0xc CMakeFiles/Proyecto.dir/C_/Users/Helios/Desktop/RASPBERRY/pico-sdk/src/rp2_common/pico_bit_ops/bit_ops_aeabi.S.obj
                0x10004a04                __wrap___ctzsi2
 .text.rom_func_lookup
                0x10004a10       0x10 CMakeFiles/Proyecto.dir/C_/Users/Helios/Desktop/RASPBERRY/pico-sdk/src/rp2_common/pico_bootrom/bootrom.c.obj
                0x10004a10                rom_func_lookup
 .text.rom_data_lookup
                0x10004a20       0x10 CMakeFiles/Proyecto.dir/C_/Users/Helios/Desktop/RASPBERRY/pico-sdk/src/rp2_common/pico_bootrom/bootrom.c.obj
                0x10004a20                rom_data_lookup
 .text.rom_funcs_lookup
                0x10004a30       0x44 CMakeFiles/Proyecto.dir/C_/Users/Helios/Desktop/RASPBERRY/pico-sdk/src/rp2_common/pico_bootrom/bootrom.c.obj
                0x10004a30                rom_funcs_lookup
 .text.__wrap___aeabi_idiv
                0x10004a74       0x50 CMakeFiles/Proyecto.dir/C_/Users/Helios/Desktop/RASPBERRY/pico-sdk/src/rp2_common/pico_divider/divider.S.obj
                0x10004a74                __wrap___aeabi_idivmod
                0x10004a74                divmod_s32s32
                0x10004a74                div_s32s32
                0x10004a74                __wrap___aeabi_idiv
                0x10004a7c                divmod_s32s32_unsafe
                0x10004aa8                divmod_s32s32_savestate
 .text.__wrap___aeabi_uidiv
                0x10004ac4       0x4c CMakeFiles/Proyecto.dir/C_/Users/Helios/Desktop/RASPBERRY/pico-sdk/src/rp2_common/pico_divider/divider.S.obj
                0x10004ac4                __wrap___aeabi_uidiv
                0x10004ac4                __wrap___aeabi_uidivmod
                0x10004ac4                div_u32u32
                0x10004ac4                divmod_u32u32
                0x10004acc                divmod_u32u32_unsafe
                0x10004af4                divmod_u32u32_savestate
 .text.__wrap___aeabi_ldiv
                0x10004b10      0x434 CMakeFiles/Proyecto.dir/C_/Users/Helios/Desktop/RASPBERRY/pico-sdk/src/rp2_common/pico_divider/divider.S.obj
                0x10004b10                div_s64s64
                0x10004b10                divmod_s64s64
                0x10004b10                __wrap___aeabi_ldivmod
                0x10004b48                divmod_u64u64
                0x10004b48                div_u64u64
                0x10004b48                __wrap___aeabi_uldivmod
                0x10004b58                divmod_u64u64_savestate
                0x10004b80                divmod_s64s64_unsafe
                0x10004c08                divmod_u64u64_unsafe
 .text.__wrap___aeabi_darithmetic
                0x10004f44       0x60 CMakeFiles/Proyecto.dir/C_/Users/Helios/Desktop/RASPBERRY/pico-sdk/src/rp2_common/pico_double/double_aeabi.S.obj
                0x10004f44                __wrap___aeabi_drsub
                0x10004f4a                __wrap___aeabi_dsub
                0x10004f54                __wrap___aeabi_dadd
                0x10004f5e                __wrap___aeabi_ddiv
                0x10004f92                __wrap___aeabi_dmul
 .text.__wrap___aeabi_cdcmple
                0x10004fa4       0x6c CMakeFiles/Proyecto.dir/C_/Users/Helios/Desktop/RASPBERRY/pico-sdk/src/rp2_common/pico_double/double_aeabi.S.obj
                0x10004fa4                __wrap___aeabi_cdrcmple
                0x10004fb4                __wrap___aeabi_cdcmpeq
                0x10004fb4                __wrap___aeabi_cdcmple
 .text.__wrap___aeabi_dcmplt
                0x10005010        0xc CMakeFiles/Proyecto.dir/C_/Users/Helios/Desktop/RASPBERRY/pico-sdk/src/rp2_common/pico_double/double_aeabi.S.obj
                0x10005010                __wrap___aeabi_dcmplt
 .text.__wrap___aeabi_dcmple
                0x1000501c       0x10 CMakeFiles/Proyecto.dir/C_/Users/Helios/Desktop/RASPBERRY/pico-sdk/src/rp2_common/pico_double/double_aeabi.S.obj
                0x1000501c                __wrap___aeabi_dcmple
 .text.__wrap___aeabi_dcmpge
                0x1000502c       0x10 CMakeFiles/Proyecto.dir/C_/Users/Helios/Desktop/RASPBERRY/pico-sdk/src/rp2_common/pico_double/double_aeabi.S.obj
                0x1000502c                __wrap___aeabi_dcmpge
 .text.__wrap___aeabi_dcmpgt
                0x1000503c        0xa CMakeFiles/Proyecto.dir/C_/Users/Helios/Desktop/RASPBERRY/pico-sdk/src/rp2_common/pico_double/double_aeabi.S.obj
                0x1000503c                __wrap___aeabi_dcmpgt
 .text.__wrap___aeabi_dcmpun
                0x10005046       0x1c CMakeFiles/Proyecto.dir/C_/Users/Helios/Desktop/RASPBERRY/pico-sdk/src/rp2_common/pico_double/double_aeabi.S.obj
                0x10005046                __wrap___aeabi_dcmpun
 *fill*         0x10005062        0x2 
 .text.__wrap___aeabi_i2d
                0x10005064       0x38 CMakeFiles/Proyecto.dir/C_/Users/Helios/Desktop/RASPBERRY/pico-sdk/src/rp2_common/pico_double/double_aeabi.S.obj
                0x10005064                __wrap___aeabi_ui2d
                0x1000506c                __wrap___aeabi_i2d
 .text.__wrap___aeabi_d2iz
                0x1000509c       0x48 CMakeFiles/Proyecto.dir/C_/Users/Helios/Desktop/RASPBERRY/pico-sdk/src/rp2_common/pico_double/double_aeabi.S.obj
                0x1000509c                double2int_z
                0x1000509c                __wrap___aeabi_d2iz
 .text.__wrap___aeabi_d2uiz
                0x100050e4       0x10 CMakeFiles/Proyecto.dir/C_/Users/Helios/Desktop/RASPBERRY/pico-sdk/src/rp2_common/pico_double/double_aeabi.S.obj
                0x100050e4                __wrap___aeabi_d2uiz
                0x100050e4                double2uint
 .text.missing_double_func_shim
                0x100050f4        0xc CMakeFiles/Proyecto.dir/C_/Users/Helios/Desktop/RASPBERRY/pico-sdk/src/rp2_common/pico_double/double_init_rom.c.obj
 .text.__aeabi_double_init
                0x10005100       0x98 CMakeFiles/Proyecto.dir/C_/Users/Helios/Desktop/RASPBERRY/pico-sdk/src/rp2_common/pico_double/double_init_rom.c.obj
                0x10005100                __aeabi_double_init
 .text.double_table_shim_on_use_helper
                0x10005198       0x2c CMakeFiles/Proyecto.dir/C_/Users/Helios/Desktop/RASPBERRY/pico-sdk/src/rp2_common/pico_double/double_v1_rom_shim.S.obj
                0x10005198                double_table_shim_on_use_helper
 .text.__aeabi_lmul
                0x100051c4       0x32 CMakeFiles/Proyecto.dir/C_/Users/Helios/Desktop/RASPBERRY/pico-sdk/src/rp2_common/pico_int64_ops/pico_int64_ops_aeabi.S.obj
                0x100051c4                __wrap___aeabi_lmul
 *fill*         0x100051f6        0x2 
 .text.__wrap___aeabi_farithmetic
                0x100051f8       0x48 CMakeFiles/Proyecto.dir/C_/Users/Helios/Desktop/RASPBERRY/pico-sdk/src/rp2_common/pico_float/float_aeabi.S.obj
                0x100051f8                __wrap___aeabi_frsub
                0x100051fe                __wrap___aeabi_fsub
                0x10005204                __wrap___aeabi_fadd
                0x1000520a                __wrap___aeabi_fdiv
                0x10005232                __wrap___aeabi_fmul
 .text.__wrap___aeabi_cfcmple
                0x10005240       0x50 CMakeFiles/Proyecto.dir/C_/Users/Helios/Desktop/RASPBERRY/pico-sdk/src/rp2_common/pico_float/float_aeabi.S.obj
                0x10005240                __wrap___aeabi_cfrcmple
                0x1000524c                __wrap___aeabi_cfcmple
                0x1000524c                __wrap___aeabi_cfcmpeq
 .text.__wrap___aeabi_fcmpgt
                0x10005290        0xa CMakeFiles/Proyecto.dir/C_/Users/Helios/Desktop/RASPBERRY/pico-sdk/src/rp2_common/pico_float/float_aeabi.S.obj
                0x10005290                __wrap___aeabi_fcmpgt
 *fill*         0x1000529a        0x2 
 .text.__wrap___aeabi_i2f
                0x1000529c       0x44 CMakeFiles/Proyecto.dir/C_/Users/Helios/Desktop/RASPBERRY/pico-sdk/src/rp2_common/pico_float/float_aeabi.S.obj
                0x1000529c                __wrap___aeabi_i2f
 .text.__wrap___aeabi_f2d
                0x100052e0        0xc CMakeFiles/Proyecto.dir/C_/Users/Helios/Desktop/RASPBERRY/pico-sdk/src/rp2_common/pico_float/float_aeabi.S.obj
                0x100052e0                __wrap___aeabi_f2d
 .text.missing_float_func_shim
                0x100052ec        0xc CMakeFiles/Proyecto.dir/C_/Users/Helios/Desktop/RASPBERRY/pico-sdk/src/rp2_common/pico_float/float_init_rom.c.obj
 .text.__aeabi_float_init
                0x100052f8       0x5c CMakeFiles/Proyecto.dir/C_/Users/Helios/Desktop/RASPBERRY/pico-sdk/src/rp2_common/pico_float/float_init_rom.c.obj
                0x100052f8                __aeabi_float_init
 .text.__wrap_malloc
                0x10005354       0x3c CMakeFiles/Proyecto.dir/C_/Users/Helios/Desktop/RASPBERRY/pico-sdk/src/rp2_common/pico_malloc/pico_malloc.c.obj
                0x10005354                __wrap_malloc
 .text.__wrap_calloc
                0x10005390       0x40 CMakeFiles/Proyecto.dir/C_/Users/Helios/Desktop/RASPBERRY/pico-sdk/src/rp2_common/pico_malloc/pico_malloc.c.obj
                0x10005390                __wrap_calloc
 .text.__wrap_free
                0x100053d0       0x20 CMakeFiles/Proyecto.dir/C_/Users/Helios/Desktop/RASPBERRY/pico-sdk/src/rp2_common/pico_malloc/pico_malloc.c.obj
                0x100053d0                __wrap_free
 .text          0x100053f0       0x10 CMakeFiles/Proyecto.dir/C_/Users/Helios/Desktop/RASPBERRY/pico-sdk/src/rp2_common/pico_mem_ops/mem_ops_aeabi.S.obj
                0x100053f0                __aeabi_mem_init
 .text.memset   0x10005400        0xc CMakeFiles/Proyecto.dir/C_/Users/Helios/Desktop/RASPBERRY/pico-sdk/src/rp2_common/pico_mem_ops/mem_ops_aeabi.S.obj
                0x10005400                __wrap_memset
 .text.memcpy   0x1000540c        0xc CMakeFiles/Proyecto.dir/C_/Users/Helios/Desktop/RASPBERRY/pico-sdk/src/rp2_common/pico_mem_ops/mem_ops_aeabi.S.obj
                0x1000540c                __wrap_memcpy
                0x1000540c                __wrap___aeabi_memcpy
 .text.stdio_out_chars_no_crlf
                0x10005418       0x10 CMakeFiles/Proyecto.dir/C_/Users/Helios/Desktop/RASPBERRY/pico-sdk/src/rp2_common/pico_stdio/stdio.c.obj
 .text.stdio_out_chars_crlf
                0x10005428       0xb4 CMakeFiles/Proyecto.dir/C_/Users/Helios/Desktop/RASPBERRY/pico-sdk/src/rp2_common/pico_stdio/stdio.c.obj
 .text.stdio_buffered_printer
                0x100054dc       0x64 CMakeFiles/Proyecto.dir/C_/Users/Helios/Desktop/RASPBERRY/pico-sdk/src/rp2_common/pico_stdio/stdio.c.obj
 .text.stdio_put_string.isra.0
                0x10005540       0xf8 CMakeFiles/Proyecto.dir/C_/Users/Helios/Desktop/RASPBERRY/pico-sdk/src/rp2_common/pico_stdio/stdio.c.obj
 .text.__wrap_putchar
                0x10005638       0xa0 CMakeFiles/Proyecto.dir/C_/Users/Helios/Desktop/RASPBERRY/pico-sdk/src/rp2_common/pico_stdio/stdio.c.obj
                0x10005638                __wrap_putchar
 .text.__wrap_puts
                0x100056d8       0x3c CMakeFiles/Proyecto.dir/C_/Users/Helios/Desktop/RASPBERRY/pico-sdk/src/rp2_common/pico_stdio/stdio.c.obj
                0x100056d8                __wrap_puts
 .text.stdio_set_driver_enabled
                0x10005714       0x30 CMakeFiles/Proyecto.dir/C_/Users/Helios/Desktop/RASPBERRY/pico-sdk/src/rp2_common/pico_stdio/stdio.c.obj
                0x10005714                stdio_set_driver_enabled
 .text.__wrap_vprintf
                0x10005744       0xd8 CMakeFiles/Proyecto.dir/C_/Users/Helios/Desktop/RASPBERRY/pico-sdk/src/rp2_common/pico_stdio/stdio.c.obj
                0x10005744                __wrap_vprintf
 .text.__wrap_printf
                0x1000581c       0x18 CMakeFiles/Proyecto.dir/C_/Users/Helios/Desktop/RASPBERRY/pico-sdk/src/rp2_common/pico_stdio/stdio.c.obj
                0x1000581c                __wrap_printf
 .text.stdio_init_all
                0x10005834        0x8 CMakeFiles/Proyecto.dir/C_/Users/Helios/Desktop/RASPBERRY/pico-sdk/src/rp2_common/pico_stdio/stdio.c.obj
                0x10005834                stdio_init_all
 .text.resetd_init
                0x1000583c        0x4 CMakeFiles/Proyecto.dir/C_/Users/Helios/Desktop/RASPBERRY/pico-sdk/src/rp2_common/pico_stdio_usb/reset_interface.c.obj
 .text.resetd_reset
                0x10005840        0xc CMakeFiles/Proyecto.dir/C_/Users/Helios/Desktop/RASPBERRY/pico-sdk/src/rp2_common/pico_stdio_usb/reset_interface.c.obj
 .text.resetd_open
                0x1000584c       0x28 CMakeFiles/Proyecto.dir/C_/Users/Helios/Desktop/RASPBERRY/pico-sdk/src/rp2_common/pico_stdio_usb/reset_interface.c.obj
 .text.resetd_xfer_cb
                0x10005874        0x4 CMakeFiles/Proyecto.dir/C_/Users/Helios/Desktop/RASPBERRY/pico-sdk/src/rp2_common/pico_stdio_usb/reset_interface.c.obj
 .text.resetd_control_xfer_cb
                0x10005878       0x64 CMakeFiles/Proyecto.dir/C_/Users/Helios/Desktop/RASPBERRY/pico-sdk/src/rp2_common/pico_stdio_usb/reset_interface.c.obj
 .text.usbd_app_driver_get_cb
                0x100058dc        0xc CMakeFiles/Proyecto.dir/C_/Users/Helios/Desktop/RASPBERRY/pico-sdk/src/rp2_common/pico_stdio_usb/reset_interface.c.obj
                0x100058dc                usbd_app_driver_get_cb
 .text.tud_cdc_line_coding_cb
                0x100058e8       0x34 CMakeFiles/Proyecto.dir/C_/Users/Helios/Desktop/RASPBERRY/pico-sdk/src/rp2_common/pico_stdio_usb/reset_interface.c.obj
                0x100058e8                tud_cdc_line_coding_cb
 .text.stdio_usb_in_chars
                0x1000591c       0x68 CMakeFiles/Proyecto.dir/C_/Users/Helios/Desktop/RASPBERRY/pico-sdk/src/rp2_common/pico_stdio_usb/stdio_usb.c.obj
                0x1000591c                stdio_usb_in_chars
 .text.stdio_usb_out_chars
                0x10005984       0xe4 CMakeFiles/Proyecto.dir/C_/Users/Helios/Desktop/RASPBERRY/pico-sdk/src/rp2_common/pico_stdio_usb/stdio_usb.c.obj
 .text.timer_task
                0x10005a68       0x18 CMakeFiles/Proyecto.dir/C_/Users/Helios/Desktop/RASPBERRY/pico-sdk/src/rp2_common/pico_stdio_usb/stdio_usb.c.obj
 .text.usb_irq  0x10005a80       0x10 CMakeFiles/Proyecto.dir/C_/Users/Helios/Desktop/RASPBERRY/pico-sdk/src/rp2_common/pico_stdio_usb/stdio_usb.c.obj
 .text.low_priority_worker_irq
                0x10005a90       0x24 CMakeFiles/Proyecto.dir/C_/Users/Helios/Desktop/RASPBERRY/pico-sdk/src/rp2_common/pico_stdio_usb/stdio_usb.c.obj
 .text.stdio_usb_init
                0x10005ab4       0xb0 CMakeFiles/Proyecto.dir/C_/Users/Helios/Desktop/RASPBERRY/pico-sdk/src/rp2_common/pico_stdio_usb/stdio_usb.c.obj
                0x10005ab4                stdio_usb_init
 .text.tud_descriptor_device_cb
                0x10005b64        0x8 CMakeFiles/Proyecto.dir/C_/Users/Helios/Desktop/RASPBERRY/pico-sdk/src/rp2_common/pico_stdio_usb/stdio_usb_descriptors.c.obj
                0x10005b64                tud_descriptor_device_cb
 .text.tud_descriptor_configuration_cb
                0x10005b6c        0x8 CMakeFiles/Proyecto.dir/C_/Users/Helios/Desktop/RASPBERRY/pico-sdk/src/rp2_common/pico_stdio_usb/stdio_usb_descriptors.c.obj
                0x10005b6c                tud_descriptor_configuration_cb
 .text.tud_descriptor_string_cb
                0x10005b74       0x74 CMakeFiles/Proyecto.dir/C_/Users/Helios/Desktop/RASPBERRY/pico-sdk/src/rp2_common/pico_stdio_usb/stdio_usb_descriptors.c.obj
                0x10005b74                tud_descriptor_string_cb
 .text.dcd_rp2040_irq
                0x10005be8      0x21c CMakeFiles/Proyecto.dir/C_/Users/Helios/Desktop/RASPBERRY/pico-sdk/lib/tinyusb/src/portable/raspberrypi/rp2040/dcd_rp2040.c.obj
 .text.dcd_int_enable
                0x10005e04        0xc CMakeFiles/Proyecto.dir/C_/Users/Helios/Desktop/RASPBERRY/pico-sdk/lib/tinyusb/src/portable/raspberrypi/rp2040/dcd_rp2040.c.obj
                0x10005e04                dcd_int_enable
 .text.dcd_set_address
                0x10005e10       0x14 CMakeFiles/Proyecto.dir/C_/Users/Helios/Desktop/RASPBERRY/pico-sdk/lib/tinyusb/src/portable/raspberrypi/rp2040/dcd_rp2040.c.obj
                0x10005e10                dcd_set_address
 .text.dcd_connect
                0x10005e24       0x10 CMakeFiles/Proyecto.dir/C_/Users/Helios/Desktop/RASPBERRY/pico-sdk/lib/tinyusb/src/portable/raspberrypi/rp2040/dcd_rp2040.c.obj
                0x10005e24                dcd_connect
 .text.dcd_init
                0x10005e34      0x144 CMakeFiles/Proyecto.dir/C_/Users/Helios/Desktop/RASPBERRY/pico-sdk/lib/tinyusb/src/portable/raspberrypi/rp2040/dcd_rp2040.c.obj
                0x10005e34                dcd_init
 .text.dcd_edpt0_status_complete
                0x10005f78       0x1c CMakeFiles/Proyecto.dir/C_/Users/Helios/Desktop/RASPBERRY/pico-sdk/lib/tinyusb/src/portable/raspberrypi/rp2040/dcd_rp2040.c.obj
                0x10005f78                dcd_edpt0_status_complete
 .text.dcd_edpt_open
                0x10005f94       0xf0 CMakeFiles/Proyecto.dir/C_/Users/Helios/Desktop/RASPBERRY/pico-sdk/lib/tinyusb/src/portable/raspberrypi/rp2040/dcd_rp2040.c.obj
                0x10005f94                dcd_edpt_open
 .text.dcd_edpt_close_all
                0x10006084       0xbc CMakeFiles/Proyecto.dir/C_/Users/Helios/Desktop/RASPBERRY/pico-sdk/lib/tinyusb/src/portable/raspberrypi/rp2040/dcd_rp2040.c.obj
                0x10006084                dcd_edpt_close_all
 .text.dcd_edpt_xfer
                0x10006140       0x24 CMakeFiles/Proyecto.dir/C_/Users/Helios/Desktop/RASPBERRY/pico-sdk/lib/tinyusb/src/portable/raspberrypi/rp2040/dcd_rp2040.c.obj
                0x10006140                dcd_edpt_xfer
 .text.dcd_edpt_stall
                0x10006164       0x38 CMakeFiles/Proyecto.dir/C_/Users/Helios/Desktop/RASPBERRY/pico-sdk/lib/tinyusb/src/portable/raspberrypi/rp2040/dcd_rp2040.c.obj
                0x10006164                dcd_edpt_stall
 .text.dcd_edpt_clear_stall
                0x1000619c       0x30 CMakeFiles/Proyecto.dir/C_/Users/Helios/Desktop/RASPBERRY/pico-sdk/lib/tinyusb/src/portable/raspberrypi/rp2040/dcd_rp2040.c.obj
                0x1000619c                dcd_edpt_clear_stall
 .text._hw_endpoint_buffer_control_update32.part.0.isra.0
                0x100061cc       0x1c CMakeFiles/Proyecto.dir/C_/Users/Helios/Desktop/RASPBERRY/pico-sdk/lib/tinyusb/src/portable/raspberrypi/rp2040/rp2040_usb.c.obj
 .text.rp2040_usb_init
                0x100061e8       0x4c CMakeFiles/Proyecto.dir/C_/Users/Helios/Desktop/RASPBERRY/pico-sdk/lib/tinyusb/src/portable/raspberrypi/rp2040/rp2040_usb.c.obj
                0x100061e8                rp2040_usb_init
 .text.hw_endpoint_reset_transfer
                0x10006234        0xc CMakeFiles/Proyecto.dir/C_/Users/Helios/Desktop/RASPBERRY/pico-sdk/lib/tinyusb/src/portable/raspberrypi/rp2040/rp2040_usb.c.obj
                0x10006234                hw_endpoint_reset_transfer
 .text._hw_endpoint_buffer_control_update32
                0x10006240       0x44 CMakeFiles/Proyecto.dir/C_/Users/Helios/Desktop/RASPBERRY/pico-sdk/lib/tinyusb/src/portable/raspberrypi/rp2040/rp2040_usb.c.obj
                0x10006240                _hw_endpoint_buffer_control_update32
 .text.hw_endpoint_xfer_start
                0x10006284      0x138 CMakeFiles/Proyecto.dir/C_/Users/Helios/Desktop/RASPBERRY/pico-sdk/lib/tinyusb/src/portable/raspberrypi/rp2040/rp2040_usb.c.obj
                0x10006284                hw_endpoint_xfer_start
 .text.hw_endpoint_xfer_continue
                0x100063bc      0x1e4 CMakeFiles/Proyecto.dir/C_/Users/Helios/Desktop/RASPBERRY/pico-sdk/lib/tinyusb/src/portable/raspberrypi/rp2040/rp2040_usb.c.obj
                0x100063bc                hw_endpoint_xfer_continue
 .text.tud_mounted
                0x100065a0       0x10 CMakeFiles/Proyecto.dir/C_/Users/Helios/Desktop/RASPBERRY/pico-sdk/lib/tinyusb/src/device/usbd.c.obj
                0x100065a0                tud_mounted
 .text.tud_suspended
                0x100065b0       0x10 CMakeFiles/Proyecto.dir/C_/Users/Helios/Desktop/RASPBERRY/pico-sdk/lib/tinyusb/src/device/usbd.c.obj
                0x100065b0                tud_suspended
 .text.tud_inited
                0x100065c0        0xc CMakeFiles/Proyecto.dir/C_/Users/Helios/Desktop/RASPBERRY/pico-sdk/lib/tinyusb/src/device/usbd.c.obj
                0x100065c0                tud_inited
 .text.tud_init
                0x100065cc       0xd8 CMakeFiles/Proyecto.dir/C_/Users/Helios/Desktop/RASPBERRY/pico-sdk/lib/tinyusb/src/device/usbd.c.obj
                0x100065cc                tud_init
 .text.tud_task
                0x100066a4      0x8ec CMakeFiles/Proyecto.dir/C_/Users/Helios/Desktop/RASPBERRY/pico-sdk/lib/tinyusb/src/device/usbd.c.obj
                0x100066a4                tud_task
 .text.dcd_event_bus_signal
                0x10006f90      0x120 CMakeFiles/Proyecto.dir/C_/Users/Helios/Desktop/RASPBERRY/pico-sdk/lib/tinyusb/src/device/usbd.c.obj
                0x10006f90                dcd_event_bus_signal
 .text.dcd_event_bus_reset
                0x100070b0       0x54 CMakeFiles/Proyecto.dir/C_/Users/Helios/Desktop/RASPBERRY/pico-sdk/lib/tinyusb/src/device/usbd.c.obj
                0x100070b0                dcd_event_bus_reset
 .text.dcd_event_setup_received
                0x10007104       0x50 CMakeFiles/Proyecto.dir/C_/Users/Helios/Desktop/RASPBERRY/pico-sdk/lib/tinyusb/src/device/usbd.c.obj
                0x10007104                dcd_event_setup_received
 .text.dcd_event_xfer_complete
                0x10007154       0x68 CMakeFiles/Proyecto.dir/C_/Users/Helios/Desktop/RASPBERRY/pico-sdk/lib/tinyusb/src/device/usbd.c.obj
                0x10007154                dcd_event_xfer_complete
 .text.usbd_open_edpt_pair
                0x100071bc       0x80 CMakeFiles/Proyecto.dir/C_/Users/Helios/Desktop/RASPBERRY/pico-sdk/lib/tinyusb/src/device/usbd.c.obj
                0x100071bc                usbd_open_edpt_pair
 .text.usbd_edpt_open
                0x1000723c       0x30 CMakeFiles/Proyecto.dir/C_/Users/Helios/Desktop/RASPBERRY/pico-sdk/lib/tinyusb/src/device/usbd.c.obj
                0x1000723c                usbd_edpt_open
 .text.usbd_edpt_claim
                0x1000726c       0x64 CMakeFiles/Proyecto.dir/C_/Users/Helios/Desktop/RASPBERRY/pico-sdk/lib/tinyusb/src/device/usbd.c.obj
                0x1000726c                usbd_edpt_claim
 .text.usbd_edpt_release
                0x100072d0       0x4c CMakeFiles/Proyecto.dir/C_/Users/Helios/Desktop/RASPBERRY/pico-sdk/lib/tinyusb/src/device/usbd.c.obj
                0x100072d0                usbd_edpt_release
 .text.usbd_edpt_xfer
                0x1000731c       0x48 CMakeFiles/Proyecto.dir/C_/Users/Helios/Desktop/RASPBERRY/pico-sdk/lib/tinyusb/src/device/usbd.c.obj
                0x1000731c                usbd_edpt_xfer
 .text.tud_control_status
                0x10007364       0x30 CMakeFiles/Proyecto.dir/C_/Users/Helios/Desktop/RASPBERRY/pico-sdk/lib/tinyusb/src/device/usbd_control.c.obj
                0x10007364                tud_control_status
 .text.tud_control_xfer
                0x10007394       0xbc CMakeFiles/Proyecto.dir/C_/Users/Helios/Desktop/RASPBERRY/pico-sdk/lib/tinyusb/src/device/usbd_control.c.obj
                0x10007394                tud_control_xfer
 .text.usbd_control_reset
                0x10007450       0x14 CMakeFiles/Proyecto.dir/C_/Users/Helios/Desktop/RASPBERRY/pico-sdk/lib/tinyusb/src/device/usbd_control.c.obj
                0x10007450                usbd_control_reset
 .text.usbd_control_set_complete_callback
                0x10007464        0xc CMakeFiles/Proyecto.dir/C_/Users/Helios/Desktop/RASPBERRY/pico-sdk/lib/tinyusb/src/device/usbd_control.c.obj
                0x10007464                usbd_control_set_complete_callback
 .text.usbd_control_set_request
                0x10007470       0x1c CMakeFiles/Proyecto.dir/C_/Users/Helios/Desktop/RASPBERRY/pico-sdk/lib/tinyusb/src/device/usbd_control.c.obj
                0x10007470                usbd_control_set_request
 .text.usbd_control_xfer_cb
                0x1000748c       0xfc CMakeFiles/Proyecto.dir/C_/Users/Helios/Desktop/RASPBERRY/pico-sdk/lib/tinyusb/src/device/usbd_control.c.obj
                0x1000748c                usbd_control_xfer_cb
 .text.tud_cdc_n_connected
                0x10007588       0x30 CMakeFiles/Proyecto.dir/C_/Users/Helios/Desktop/RASPBERRY/pico-sdk/lib/tinyusb/src/class/cdc/cdc_device.c.obj
                0x10007588                tud_cdc_n_connected
 .text.tud_cdc_n_available
                0x100075b8       0x18 CMakeFiles/Proyecto.dir/C_/Users/Helios/Desktop/RASPBERRY/pico-sdk/lib/tinyusb/src/class/cdc/cdc_device.c.obj
                0x100075b8                tud_cdc_n_available
 .text.tud_cdc_n_read
                0x100075d0       0x70 CMakeFiles/Proyecto.dir/C_/Users/Helios/Desktop/RASPBERRY/pico-sdk/lib/tinyusb/src/class/cdc/cdc_device.c.obj
                0x100075d0                tud_cdc_n_read
 .text.tud_cdc_n_write_flush
                0x10007640       0x78 CMakeFiles/Proyecto.dir/C_/Users/Helios/Desktop/RASPBERRY/pico-sdk/lib/tinyusb/src/class/cdc/cdc_device.c.obj
                0x10007640                tud_cdc_n_write_flush
 .text.tud_cdc_n_write
                0x100076b8       0x34 CMakeFiles/Proyecto.dir/C_/Users/Helios/Desktop/RASPBERRY/pico-sdk/lib/tinyusb/src/class/cdc/cdc_device.c.obj
                0x100076b8                tud_cdc_n_write
 .text.tud_cdc_n_write_available
                0x100076ec       0x18 CMakeFiles/Proyecto.dir/C_/Users/Helios/Desktop/RASPBERRY/pico-sdk/lib/tinyusb/src/class/cdc/cdc_device.c.obj
                0x100076ec                tud_cdc_n_write_available
 .text.cdcd_init
                0x10007704       0x7c CMakeFiles/Proyecto.dir/C_/Users/Helios/Desktop/RASPBERRY/pico-sdk/lib/tinyusb/src/class/cdc/cdc_device.c.obj
                0x10007704                cdcd_init
 .text.cdcd_reset
                0x10007780       0x2c CMakeFiles/Proyecto.dir/C_/Users/Helios/Desktop/RASPBERRY/pico-sdk/lib/tinyusb/src/class/cdc/cdc_device.c.obj
                0x10007780                cdcd_reset
 .text.cdcd_open
                0x100077ac       0xe4 CMakeFiles/Proyecto.dir/C_/Users/Helios/Desktop/RASPBERRY/pico-sdk/lib/tinyusb/src/class/cdc/cdc_device.c.obj
                0x100077ac                cdcd_open
 .text.cdcd_control_xfer_cb
                0x10007890       0xe4 CMakeFiles/Proyecto.dir/C_/Users/Helios/Desktop/RASPBERRY/pico-sdk/lib/tinyusb/src/class/cdc/cdc_device.c.obj
                0x10007890                cdcd_control_xfer_cb
 .text.cdcd_xfer_cb
                0x10007974      0x148 CMakeFiles/Proyecto.dir/C_/Users/Helios/Desktop/RASPBERRY/pico-sdk/lib/tinyusb/src/class/cdc/cdc_device.c.obj
                0x10007974                cdcd_xfer_cb
 .text.tusb_init
                0x10007abc        0xc CMakeFiles/Proyecto.dir/C_/Users/Helios/Desktop/RASPBERRY/pico-sdk/lib/tinyusb/src/tusb.c.obj
                0x10007abc                tusb_init
 .text.tusb_inited
                0x10007ac8        0x8 CMakeFiles/Proyecto.dir/C_/Users/Helios/Desktop/RASPBERRY/pico-sdk/lib/tinyusb/src/tusb.c.obj
                0x10007ac8                tusb_inited
 .text.tu_edpt_validate
                0x10007ad0       0x78 CMakeFiles/Proyecto.dir/C_/Users/Helios/Desktop/RASPBERRY/pico-sdk/lib/tinyusb/src/tusb.c.obj
                0x10007ad0                tu_edpt_validate
 .text.tu_edpt_bind_driver
                0x10007b48       0x2c CMakeFiles/Proyecto.dir/C_/Users/Helios/Desktop/RASPBERRY/pico-sdk/lib/tinyusb/src/tusb.c.obj
                0x10007b48                tu_edpt_bind_driver
 .text.tu_fifo_config
                0x10007b74       0x78 CMakeFiles/Proyecto.dir/C_/Users/Helios/Desktop/RASPBERRY/pico-sdk/lib/tinyusb/src/common/tusb_fifo.c.obj
                0x10007b74                tu_fifo_config
 .text.tu_fifo_count
                0x10007bec       0x20 CMakeFiles/Proyecto.dir/C_/Users/Helios/Desktop/RASPBERRY/pico-sdk/lib/tinyusb/src/common/tusb_fifo.c.obj
                0x10007bec                tu_fifo_count
 .text.tu_fifo_empty
                0x10007c0c       0x10 CMakeFiles/Proyecto.dir/C_/Users/Helios/Desktop/RASPBERRY/pico-sdk/lib/tinyusb/src/common/tusb_fifo.c.obj
                0x10007c0c                tu_fifo_empty
 .text.tu_fifo_remaining
                0x10007c1c       0x1c CMakeFiles/Proyecto.dir/C_/Users/Helios/Desktop/RASPBERRY/pico-sdk/lib/tinyusb/src/common/tusb_fifo.c.obj
                0x10007c1c                tu_fifo_remaining
 .text.tu_fifo_read
                0x10007c38       0x9c CMakeFiles/Proyecto.dir/C_/Users/Helios/Desktop/RASPBERRY/pico-sdk/lib/tinyusb/src/common/tusb_fifo.c.obj
                0x10007c38                tu_fifo_read
 .text.tu_fifo_read_n
                0x10007cd4      0x100 CMakeFiles/Proyecto.dir/C_/Users/Helios/Desktop/RASPBERRY/pico-sdk/lib/tinyusb/src/common/tusb_fifo.c.obj
                0x10007cd4                tu_fifo_read_n
 .text.tu_fifo_write
                0x10007dd4       0x7c CMakeFiles/Proyecto.dir/C_/Users/Helios/Desktop/RASPBERRY/pico-sdk/lib/tinyusb/src/common/tusb_fifo.c.obj
                0x10007dd4                tu_fifo_write
 .text.tu_fifo_write_n
                0x10007e50      0x100 CMakeFiles/Proyecto.dir/C_/Users/Helios/Desktop/RASPBERRY/pico-sdk/lib/tinyusb/src/common/tusb_fifo.c.obj
                0x10007e50                tu_fifo_write_n
 .text.tu_fifo_clear
                0x10007f50       0x4c CMakeFiles/Proyecto.dir/C_/Users/Helios/Desktop/RASPBERRY/pico-sdk/lib/tinyusb/src/common/tusb_fifo.c.obj
                0x10007f50                tu_fifo_clear
 .text.tu_fifo_set_overwritable
                0x10007f9c       0x3c CMakeFiles/Proyecto.dir/C_/Users/Helios/Desktop/RASPBERRY/pico-sdk/lib/tinyusb/src/common/tusb_fifo.c.obj
                0x10007f9c                tu_fifo_set_overwritable
 .text.startup._retrieve_unique_id_on_boot
                0x10007fd8       0x10 CMakeFiles/Proyecto.dir/C_/Users/Helios/Desktop/RASPBERRY/pico-sdk/src/rp2_common/pico_unique_id/unique_id.c.obj
 .text.pico_get_unique_board_id
                0x10007fe8       0x10 CMakeFiles/Proyecto.dir/C_/Users/Helios/Desktop/RASPBERRY/pico-sdk/src/rp2_common/pico_unique_id/unique_id.c.obj
                0x10007fe8                pico_get_unique_board_id
 .text.pico_get_unique_board_id_string
                0x10007ff8      0x1a8 CMakeFiles/Proyecto.dir/C_/Users/Helios/Desktop/RASPBERRY/pico-sdk/src/rp2_common/pico_unique_id/unique_id.c.obj
                0x10007ff8                pico_get_unique_board_id_string
 .text.flash_get_unique_id
                0x100081a0       0x40 CMakeFiles/Proyecto.dir/C_/Users/Helios/Desktop/RASPBERRY/pico-sdk/src/rp2_common/hardware_flash/flash.c.obj
                0x100081a0                flash_get_unique_id
 .text.pvPortMalloc
                0x100081e0      0x144 CMakeFiles/Proyecto.dir/__/lib/FreeRTOS-Kernel/portable/MemMang/heap_4.c.obj
                0x100081e0                pvPortMalloc
 .text.vPortFree
                0x10008324       0x8c CMakeFiles/Proyecto.dir/__/lib/FreeRTOS-Kernel/portable/MemMang/heap_4.c.obj
                0x10008324                vPortFree
 .text.vPortSVCHandler
                0x100083b0        0x4 CMakeFiles/Proyecto.dir/__/lib/FreeRTOS-Kernel/portable/ThirdParty/GCC/RP2040/port.c.obj
                0x100083b0                vPortSVCHandler
 *fill*         0x100083b4        0xc 
 .text.vPortStartFirstTask
                0x100083c0       0x34 CMakeFiles/Proyecto.dir/__/lib/FreeRTOS-Kernel/portable/ThirdParty/GCC/RP2040/port.c.obj
 *fill*         0x100083f4        0xc 
 .text.xPortPendSVHandler
                0x10008400       0x64 CMakeFiles/Proyecto.dir/__/lib/FreeRTOS-Kernel/portable/ThirdParty/GCC/RP2040/port.c.obj
                0x10008400                xPortPendSVHandler
 .text.prvTaskExitError
                0x10008464        0x8 CMakeFiles/Proyecto.dir/__/lib/FreeRTOS-Kernel/portable/ThirdParty/GCC/RP2040/port.c.obj
 .text.pxPortInitialiseStack
                0x1000846c       0x20 CMakeFiles/Proyecto.dir/__/lib/FreeRTOS-Kernel/portable/ThirdParty/GCC/RP2040/port.c.obj
                0x1000846c                pxPortInitialiseStack
 .text.vPortYield
                0x1000848c       0x18 CMakeFiles/Proyecto.dir/__/lib/FreeRTOS-Kernel/portable/ThirdParty/GCC/RP2040/port.c.obj
                0x1000848c                vPortYield
 .text.vPortEnterCritical
                0x100084a4       0x18 CMakeFiles/Proyecto.dir/__/lib/FreeRTOS-Kernel/portable/ThirdParty/GCC/RP2040/port.c.obj
                0x100084a4                vPortEnterCritical
 .text.vPortExitCritical
                0x100084bc       0x34 CMakeFiles/Proyecto.dir/__/lib/FreeRTOS-Kernel/portable/ThirdParty/GCC/RP2040/port.c.obj
                0x100084bc                vPortExitCritical
 .text.ulSetInterruptMaskFromISR
                0x100084f0        0x8 CMakeFiles/Proyecto.dir/__/lib/FreeRTOS-Kernel/portable/ThirdParty/GCC/RP2040/port.c.obj
                0x100084f0                ulSetInterruptMaskFromISR
 .text.vClearInterruptMaskFromISR
                0x100084f8        0x8 CMakeFiles/Proyecto.dir/__/lib/FreeRTOS-Kernel/portable/ThirdParty/GCC/RP2040/port.c.obj
                0x100084f8                vClearInterruptMaskFromISR
 .text.xPortSysTickHandler
                0x10008500       0x24 CMakeFiles/Proyecto.dir/__/lib/FreeRTOS-Kernel/portable/ThirdParty/GCC/RP2040/port.c.obj
                0x10008500                xPortSysTickHandler
 .text.vPortSetupTimerInterrupt
                0x10008524       0x34 CMakeFiles/Proyecto.dir/__/lib/FreeRTOS-Kernel/portable/ThirdParty/GCC/RP2040/port.c.obj
                0x10008524                vPortSetupTimerInterrupt
 .text.xPortStartScheduler
                0x10008558       0x70 CMakeFiles/Proyecto.dir/__/lib/FreeRTOS-Kernel/portable/ThirdParty/GCC/RP2040/port.c.obj
                0x10008558                xPortStartScheduler
 .text.ulPortLockGetCurrentOwnerId
                0x100085c8       0x2c CMakeFiles/Proyecto.dir/__/lib/FreeRTOS-Kernel/portable/ThirdParty/GCC/RP2040/port.c.obj
                0x100085c8                ulPortLockGetCurrentOwnerId
 .text.vPortLockInternalSpinUnlockWithWait
                0x100085f4       0x68 CMakeFiles/Proyecto.dir/__/lib/FreeRTOS-Kernel/portable/ThirdParty/GCC/RP2040/port.c.obj
                0x100085f4                vPortLockInternalSpinUnlockWithWait
 .text.vPortLockInternalSpinUnlockWithNotify
                0x1000865c       0x84 CMakeFiles/Proyecto.dir/__/lib/FreeRTOS-Kernel/portable/ThirdParty/GCC/RP2040/port.c.obj
                0x1000865c                vPortLockInternalSpinUnlockWithNotify
 .text.xPortLockInternalSpinUnlockWithBestEffortWaitOrTimeout
                0x100086e0       0xfc CMakeFiles/Proyecto.dir/__/lib/FreeRTOS-Kernel/portable/ThirdParty/GCC/RP2040/port.c.obj
                0x100086e0                xPortLockInternalSpinUnlockWithBestEffortWaitOrTimeout
 .text.startup.prvRuntimeInitializer
                0x100087dc       0x10 CMakeFiles/Proyecto.dir/__/lib/FreeRTOS-Kernel/portable/ThirdParty/GCC/RP2040/port.c.obj
 .text.vEventGroupSetBitsCallback
                0x100087ec       0x8c CMakeFiles/Proyecto.dir/__/lib/FreeRTOS-Kernel/event_groups.c.obj
                0x100087ec                vEventGroupSetBitsCallback
 .text.xEventGroupCreate
                0x10008878       0x18 CMakeFiles/Proyecto.dir/__/lib/FreeRTOS-Kernel/event_groups.c.obj
                0x10008878                xEventGroupCreate
 .text.xEventGroupWaitBits
                0x10008890       0xb8 CMakeFiles/Proyecto.dir/__/lib/FreeRTOS-Kernel/event_groups.c.obj
                0x10008890                xEventGroupWaitBits
 .text.xEventGroupSetBits
                0x10008948       0x90 CMakeFiles/Proyecto.dir/__/lib/FreeRTOS-Kernel/event_groups.c.obj
                0x10008948                xEventGroupSetBits
 .text.xEventGroupSetBitsFromISR
                0x100089d8       0x14 CMakeFiles/Proyecto.dir/__/lib/FreeRTOS-Kernel/event_groups.c.obj
                0x100089d8                xEventGroupSetBitsFromISR
 .text.vListInitialise
                0x100089ec       0x18 CMakeFiles/Proyecto.dir/__/lib/FreeRTOS-Kernel/list.c.obj
                0x100089ec                vListInitialise
 .text.vListInitialiseItem
                0x10008a04        0x8 CMakeFiles/Proyecto.dir/__/lib/FreeRTOS-Kernel/list.c.obj
                0x10008a04                vListInitialiseItem
 .text.vListInsert
                0x10008a0c       0x30 CMakeFiles/Proyecto.dir/__/lib/FreeRTOS-Kernel/list.c.obj
                0x10008a0c                vListInsert
 .text.uxListRemove
                0x10008a3c       0x24 CMakeFiles/Proyecto.dir/__/lib/FreeRTOS-Kernel/list.c.obj
                0x10008a3c                uxListRemove
 .text.prvUnlockQueue
                0x10008a60      0x148 CMakeFiles/Proyecto.dir/__/lib/FreeRTOS-Kernel/queue.c.obj
 .text.prvNotifyQueueSetContainer
                0x10008ba8       0x9c CMakeFiles/Proyecto.dir/__/lib/FreeRTOS-Kernel/queue.c.obj
 .text.xQueueGenericReset
                0x10008c44       0xa0 CMakeFiles/Proyecto.dir/__/lib/FreeRTOS-Kernel/queue.c.obj
                0x10008c44                xQueueGenericReset
 .text.xQueueGenericCreate
                0x10008ce4       0xa0 CMakeFiles/Proyecto.dir/__/lib/FreeRTOS-Kernel/queue.c.obj
                0x10008ce4                xQueueGenericCreate
 .text.xQueueGenericSend
                0x10008d84      0x1cc CMakeFiles/Proyecto.dir/__/lib/FreeRTOS-Kernel/queue.c.obj
                0x10008d84                xQueueGenericSend
 .text.xQueueGenericSendFromISR
                0x10008f50      0x138 CMakeFiles/Proyecto.dir/__/lib/FreeRTOS-Kernel/queue.c.obj
                0x10008f50                xQueueGenericSendFromISR
 .text.xQueueReceive
                0x10009088      0x11c CMakeFiles/Proyecto.dir/__/lib/FreeRTOS-Kernel/queue.c.obj
                0x10009088                xQueueReceive
 .text.vQueueAddToRegistry
                0x100091a4       0xec CMakeFiles/Proyecto.dir/__/lib/FreeRTOS-Kernel/queue.c.obj
                0x100091a4                vQueueAddToRegistry
 .text.vQueueWaitForMessageRestricted
                0x10009290       0x48 CMakeFiles/Proyecto.dir/__/lib/FreeRTOS-Kernel/queue.c.obj
                0x10009290                vQueueWaitForMessageRestricted
 .text.prvIdleTask
                0x100092d8       0x60 CMakeFiles/Proyecto.dir/__/lib/FreeRTOS-Kernel/tasks.c.obj
 .text.prvAddCurrentTaskToDelayedList
                0x10009338       0x94 CMakeFiles/Proyecto.dir/__/lib/FreeRTOS-Kernel/tasks.c.obj
 .text.xTaskIncrementTick.part.0
                0x100093cc      0x1a0 CMakeFiles/Proyecto.dir/__/lib/FreeRTOS-Kernel/tasks.c.obj
 .text.xTaskCreate
                0x1000956c      0x280 CMakeFiles/Proyecto.dir/__/lib/FreeRTOS-Kernel/tasks.c.obj
                0x1000956c                xTaskCreate
 .text.vTaskStartScheduler
                0x100097ec      0x1e0 CMakeFiles/Proyecto.dir/__/lib/FreeRTOS-Kernel/tasks.c.obj
                0x100097ec                vTaskStartScheduler
 .text.vTaskSuspendAll
                0x100099cc       0x10 CMakeFiles/Proyecto.dir/__/lib/FreeRTOS-Kernel/tasks.c.obj
                0x100099cc                vTaskSuspendAll
 .text.xTaskResumeAll
                0x100099dc      0x18c CMakeFiles/Proyecto.dir/__/lib/FreeRTOS-Kernel/tasks.c.obj
                0x100099dc                xTaskResumeAll
 .text.vTaskDelay
                0x10009b68       0x78 CMakeFiles/Proyecto.dir/__/lib/FreeRTOS-Kernel/tasks.c.obj
                0x10009b68                vTaskDelay
 .text.xTaskGetTickCount
                0x10009be0        0xc CMakeFiles/Proyecto.dir/__/lib/FreeRTOS-Kernel/tasks.c.obj
                0x10009be0                xTaskGetTickCount
 .text.uxTaskGetNumberOfTasks
                0x10009bec        0xc CMakeFiles/Proyecto.dir/__/lib/FreeRTOS-Kernel/tasks.c.obj
                0x10009bec                uxTaskGetNumberOfTasks
 .text.xTaskIncrementTick
                0x10009bf8       0x24 CMakeFiles/Proyecto.dir/__/lib/FreeRTOS-Kernel/tasks.c.obj
                0x10009bf8                xTaskIncrementTick
 .text.vTaskSwitchContext
                0x10009c1c       0x6c CMakeFiles/Proyecto.dir/__/lib/FreeRTOS-Kernel/tasks.c.obj
                0x10009c1c                vTaskSwitchContext
 .text.vTaskPlaceOnEventList
                0x10009c88       0x98 CMakeFiles/Proyecto.dir/__/lib/FreeRTOS-Kernel/tasks.c.obj
                0x10009c88                vTaskPlaceOnEventList
 .text.vTaskPlaceOnUnorderedEventList
                0x10009d20       0xbc CMakeFiles/Proyecto.dir/__/lib/FreeRTOS-Kernel/tasks.c.obj
                0x10009d20                vTaskPlaceOnUnorderedEventList
 .text.vTaskPlaceOnEventListRestricted
                0x10009ddc       0xc4 CMakeFiles/Proyecto.dir/__/lib/FreeRTOS-Kernel/tasks.c.obj
                0x10009ddc                vTaskPlaceOnEventListRestricted
 .text.xTaskRemoveFromEventList
                0x10009ea0       0xd8 CMakeFiles/Proyecto.dir/__/lib/FreeRTOS-Kernel/tasks.c.obj
                0x10009ea0                xTaskRemoveFromEventList
 .text.vTaskRemoveFromUnorderedEventList
                0x10009f78       0x98 CMakeFiles/Proyecto.dir/__/lib/FreeRTOS-Kernel/tasks.c.obj
                0x10009f78                vTaskRemoveFromUnorderedEventList
 .text.vTaskInternalSetTimeOutState
                0x1000a010       0x18 CMakeFiles/Proyecto.dir/__/lib/FreeRTOS-Kernel/tasks.c.obj
                0x1000a010                vTaskInternalSetTimeOutState
 .text.xTaskCheckForTimeOut
                0x1000a028       0x74 CMakeFiles/Proyecto.dir/__/lib/FreeRTOS-Kernel/tasks.c.obj
                0x1000a028                xTaskCheckForTimeOut
 .text.vTaskMissedYield
                0x1000a09c        0xc CMakeFiles/Proyecto.dir/__/lib/FreeRTOS-Kernel/tasks.c.obj
                0x1000a09c                vTaskMissedYield
 .text.xTaskGetCurrentTaskHandle
                0x1000a0a8        0xc CMakeFiles/Proyecto.dir/__/lib/FreeRTOS-Kernel/tasks.c.obj
                0x1000a0a8                xTaskGetCurrentTaskHandle
 .text.xTaskGetSchedulerState
                0x1000a0b4       0x20 CMakeFiles/Proyecto.dir/__/lib/FreeRTOS-Kernel/tasks.c.obj
                0x1000a0b4                xTaskGetSchedulerState
 .text.xTaskPriorityDisinherit
                0x1000a0d4       0x64 CMakeFiles/Proyecto.dir/__/lib/FreeRTOS-Kernel/tasks.c.obj
                0x1000a0d4                xTaskPriorityDisinherit
 .text.uxTaskResetEventItemValue
                0x1000a138       0x18 CMakeFiles/Proyecto.dir/__/lib/FreeRTOS-Kernel/tasks.c.obj
                0x1000a138                uxTaskResetEventItemValue
 .text.ulTaskGenericNotifyTake
                0x1000a150       0x7c CMakeFiles/Proyecto.dir/__/lib/FreeRTOS-Kernel/tasks.c.obj
                0x1000a150                ulTaskGenericNotifyTake
 .text.xTaskGenericNotify
                0x1000a1cc       0xe8 CMakeFiles/Proyecto.dir/__/lib/FreeRTOS-Kernel/tasks.c.obj
                0x1000a1cc                xTaskGenericNotify
 .text.vTaskGenericNotifyGiveFromISR
                0x1000a2b4       0xe0 CMakeFiles/Proyecto.dir/__/lib/FreeRTOS-Kernel/tasks.c.obj
                0x1000a2b4                vTaskGenericNotifyGiveFromISR
 .text.prvTimerTask
                0x1000a394      0x360 CMakeFiles/Proyecto.dir/__/lib/FreeRTOS-Kernel/timers.c.obj
 .text.xTimerCreateTimerTask
                0x1000a6f4       0x8c CMakeFiles/Proyecto.dir/__/lib/FreeRTOS-Kernel/timers.c.obj
                0x1000a6f4                xTimerCreateTimerTask
 .text.xTimerCreate
                0x1000a780       0xb8 CMakeFiles/Proyecto.dir/__/lib/FreeRTOS-Kernel/timers.c.obj
                0x1000a780                xTimerCreate
 .text.xTimerGenericCommand
                0x1000a838       0x54 CMakeFiles/Proyecto.dir/__/lib/FreeRTOS-Kernel/timers.c.obj
                0x1000a838                xTimerGenericCommand
 .text.xTimerPendFunctionCallFromISR
                0x1000a88c       0x28 CMakeFiles/Proyecto.dir/__/lib/FreeRTOS-Kernel/timers.c.obj
                0x1000a88c                xTimerPendFunctionCallFromISR
 .text.exception_set_exclusive_handler
                0x1000a8b4       0x48 CMakeFiles/Proyecto.dir/C_/Users/Helios/Desktop/RASPBERRY/pico-sdk/src/rp2_common/hardware_exception/exception.c.obj
                0x1000a8b4                exception_set_exclusive_handler
 .text.cyw43_arch_enable_sta_mode
                0x1000a8fc       0x1c CMakeFiles/Proyecto.dir/C_/Users/Helios/Desktop/RASPBERRY/pico-sdk/src/rp2_common/pico_cyw43_arch/cyw43_arch.c.obj
                0x1000a8fc                cyw43_arch_enable_sta_mode
 .text.cyw43_arch_wifi_connect_timeout_ms
                0x1000a918       0xe8 CMakeFiles/Proyecto.dir/C_/Users/Helios/Desktop/RASPBERRY/pico-sdk/src/rp2_common/pico_cyw43_arch/cyw43_arch.c.obj
                0x1000a918                cyw43_arch_wifi_connect_timeout_ms
 .text.cyw43_hal_generate_laa_mac
                0x1000aa00       0x28 CMakeFiles/Proyecto.dir/C_/Users/Helios/Desktop/RASPBERRY/pico-sdk/src/rp2_common/pico_cyw43_arch/cyw43_arch.c.obj
                0x1000aa00                cyw43_hal_generate_laa_mac
 .text.cyw43_hal_get_mac
                0x1000aa28       0x1c CMakeFiles/Proyecto.dir/C_/Users/Helios/Desktop/RASPBERRY/pico-sdk/src/rp2_common/pico_cyw43_arch/cyw43_arch.c.obj
                0x1000aa28                cyw43_hal_get_mac
 .text.gpio_irq_handler
                0x1000aa44       0x58 CMakeFiles/Proyecto.dir/C_/Users/Helios/Desktop/RASPBERRY/pico-sdk/src/rp2_common/pico_cyw43_arch/cyw43_arch_poll.c.obj
 .text.cyw43_post_poll_hook
                0x1000aa9c       0x10 CMakeFiles/Proyecto.dir/C_/Users/Helios/Desktop/RASPBERRY/pico-sdk/src/rp2_common/pico_cyw43_arch/cyw43_arch_poll.c.obj
                0x1000aa9c                cyw43_post_poll_hook
 .text.cyw43_arch_init
                0x1000aaac       0x48 CMakeFiles/Proyecto.dir/C_/Users/Helios/Desktop/RASPBERRY/pico-sdk/src/rp2_common/pico_cyw43_arch/cyw43_arch_poll.c.obj
                0x1000aaac                cyw43_arch_init
 .text.cyw43_schedule_internal_poll_dispatch
                0x1000aaf4        0xc CMakeFiles/Proyecto.dir/C_/Users/Helios/Desktop/RASPBERRY/pico-sdk/src/rp2_common/pico_cyw43_arch/cyw43_arch_poll.c.obj
                0x1000aaf4                cyw43_schedule_internal_poll_dispatch
 .text.cyw43_arch_poll
                0x1000ab00       0x78 CMakeFiles/Proyecto.dir/C_/Users/Helios/Desktop/RASPBERRY/pico-sdk/src/rp2_common/pico_cyw43_arch/cyw43_arch_poll.c.obj
                0x1000ab00                cyw43_arch_poll
 .text.ns_delay.constprop.0
                0x1000ab78       0x20 CMakeFiles/Proyecto.dir/C_/Users/Helios/Desktop/RASPBERRY/pico-sdk/src/rp2_common/cyw43_driver/cyw43_bus_pio_spi.c.obj
 .text.cyw43_spi_init
                0x1000ab98      0x1c8 CMakeFiles/Proyecto.dir/C_/Users/Helios/Desktop/RASPBERRY/pico-sdk/src/rp2_common/cyw43_driver/cyw43_bus_pio_spi.c.obj
                0x1000ab98                cyw43_spi_init
 .text.cyw43_spi_transfer
                0x1000ad60      0x3ac CMakeFiles/Proyecto.dir/C_/Users/Helios/Desktop/RASPBERRY/pico-sdk/src/rp2_common/cyw43_driver/cyw43_bus_pio_spi.c.obj
                0x1000ad60                cyw43_spi_transfer
 .text.cyw43_spi_gpio_setup
                0x1000b10c       0x3c CMakeFiles/Proyecto.dir/C_/Users/Helios/Desktop/RASPBERRY/pico-sdk/src/rp2_common/cyw43_driver/cyw43_bus_pio_spi.c.obj
                0x1000b10c                cyw43_spi_gpio_setup
 .text.cyw43_spi_reset
                0x1000b148       0x28 CMakeFiles/Proyecto.dir/C_/Users/Helios/Desktop/RASPBERRY/pico-sdk/src/rp2_common/cyw43_driver/cyw43_bus_pio_spi.c.obj
                0x1000b148                cyw43_spi_reset
 .text.read_reg_u32_swap
                0x1000b170       0x3c CMakeFiles/Proyecto.dir/C_/Users/Helios/Desktop/RASPBERRY/pico-sdk/src/rp2_common/cyw43_driver/cyw43_bus_pio_spi.c.obj
                0x1000b170                read_reg_u32_swap
 .text.cyw43_read_reg_u32
                0x1000b1ac       0x6c CMakeFiles/Proyecto.dir/C_/Users/Helios/Desktop/RASPBERRY/pico-sdk/src/rp2_common/cyw43_driver/cyw43_bus_pio_spi.c.obj
                0x1000b1ac                cyw43_read_reg_u32
 .text.cyw43_read_reg_u16
                0x1000b218       0x6c CMakeFiles/Proyecto.dir/C_/Users/Helios/Desktop/RASPBERRY/pico-sdk/src/rp2_common/cyw43_driver/cyw43_bus_pio_spi.c.obj
                0x1000b218                cyw43_read_reg_u16
 .text.cyw43_read_reg_u8
                0x1000b284       0x6c CMakeFiles/Proyecto.dir/C_/Users/Helios/Desktop/RASPBERRY/pico-sdk/src/rp2_common/cyw43_driver/cyw43_bus_pio_spi.c.obj
                0x1000b284                cyw43_read_reg_u8
 .text.write_reg_u32_swap
                0x1000b2f0      0x1c4 CMakeFiles/Proyecto.dir/C_/Users/Helios/Desktop/RASPBERRY/pico-sdk/src/rp2_common/cyw43_driver/cyw43_bus_pio_spi.c.obj
                0x1000b2f0                write_reg_u32_swap
 .text.cyw43_write_reg_u32
                0x1000b4b4      0x1e8 CMakeFiles/Proyecto.dir/C_/Users/Helios/Desktop/RASPBERRY/pico-sdk/src/rp2_common/cyw43_driver/cyw43_bus_pio_spi.c.obj
                0x1000b4b4                cyw43_write_reg_u32
 .text.cyw43_write_reg_u16
                0x1000b69c      0x1e8 CMakeFiles/Proyecto.dir/C_/Users/Helios/Desktop/RASPBERRY/pico-sdk/src/rp2_common/cyw43_driver/cyw43_bus_pio_spi.c.obj
                0x1000b69c                cyw43_write_reg_u16
 .text.cyw43_write_reg_u8
                0x1000b884      0x1e8 CMakeFiles/Proyecto.dir/C_/Users/Helios/Desktop/RASPBERRY/pico-sdk/src/rp2_common/cyw43_driver/cyw43_bus_pio_spi.c.obj
                0x1000b884                cyw43_write_reg_u8
 .text.cyw43_read_bytes
                0x1000ba6c       0x8c CMakeFiles/Proyecto.dir/C_/Users/Helios/Desktop/RASPBERRY/pico-sdk/src/rp2_common/cyw43_driver/cyw43_bus_pio_spi.c.obj
                0x1000ba6c                cyw43_read_bytes
 .text.cyw43_write_bytes
                0x1000baf8       0xd8 CMakeFiles/Proyecto.dir/C_/Users/Helios/Desktop/RASPBERRY/pico-sdk/src/rp2_common/cyw43_driver/cyw43_bus_pio_spi.c.obj
                0x1000baf8                cyw43_write_bytes
 .text.cyw43_set_backplane_window
                0x1000bbd0       0x64 CMakeFiles/Proyecto.dir/C_/Users/Helios/Desktop/RASPBERRY/pico-sdk/lib/cyw43-driver/src/cyw43_ll.c.obj
 .text.cyw43_ll_parse_async_event
                0x1000bc34      0x13c CMakeFiles/Proyecto.dir/C_/Users/Helios/Desktop/RASPBERRY/pico-sdk/lib/cyw43-driver/src/cyw43_ll.c.obj
 .text.cyw43_kso_set
                0x1000bd70       0xa0 CMakeFiles/Proyecto.dir/C_/Users/Helios/Desktop/RASPBERRY/pico-sdk/lib/cyw43-driver/src/cyw43_ll.c.obj
 .text.cyw43_ll_sdpcm_poll_device
                0x1000be10      0x244 CMakeFiles/Proyecto.dir/C_/Users/Helios/Desktop/RASPBERRY/pico-sdk/lib/cyw43-driver/src/cyw43_ll.c.obj
 .text.cyw43_sdpcm_send_common
                0x1000c054       0xf4 CMakeFiles/Proyecto.dir/C_/Users/Helios/Desktop/RASPBERRY/pico-sdk/lib/cyw43-driver/src/cyw43_ll.c.obj
 .text.cyw43_do_ioctl
                0x1000c148      0x124 CMakeFiles/Proyecto.dir/C_/Users/Helios/Desktop/RASPBERRY/pico-sdk/lib/cyw43-driver/src/cyw43_ll.c.obj
 .text.cyw43_do_ioctl.constprop.0
                0x1000c26c      0x120 CMakeFiles/Proyecto.dir/C_/Users/Helios/Desktop/RASPBERRY/pico-sdk/lib/cyw43-driver/src/cyw43_ll.c.obj
 .text.reset_device_core.constprop.0
                0x1000c38c      0x3f0 CMakeFiles/Proyecto.dir/C_/Users/Helios/Desktop/RASPBERRY/pico-sdk/lib/cyw43-driver/src/cyw43_ll.c.obj
 .text.cyw43_ll_init
                0x1000c77c       0x18 CMakeFiles/Proyecto.dir/C_/Users/Helios/Desktop/RASPBERRY/pico-sdk/lib/cyw43-driver/src/cyw43_ll.c.obj
                0x1000c77c                cyw43_ll_init
 .text.cyw43_ll_send_ethernet
                0x1000c794       0x60 CMakeFiles/Proyecto.dir/C_/Users/Helios/Desktop/RASPBERRY/pico-sdk/lib/cyw43-driver/src/cyw43_ll.c.obj
                0x1000c794                cyw43_ll_send_ethernet
 .text.cyw43_ll_process_packets
                0x1000c7f4       0x68 CMakeFiles/Proyecto.dir/C_/Users/Helios/Desktop/RASPBERRY/pico-sdk/lib/cyw43-driver/src/cyw43_ll.c.obj
                0x1000c7f4                cyw43_ll_process_packets
 .text.cyw43_ll_ioctl
                0x1000c85c       0x20 CMakeFiles/Proyecto.dir/C_/Users/Helios/Desktop/RASPBERRY/pico-sdk/lib/cyw43-driver/src/cyw43_ll.c.obj
                0x1000c85c                cyw43_ll_ioctl
 .text.cyw43_ll_bus_sleep
                0x1000c87c       0x34 CMakeFiles/Proyecto.dir/C_/Users/Helios/Desktop/RASPBERRY/pico-sdk/lib/cyw43-driver/src/cyw43_ll.c.obj
                0x1000c87c                cyw43_ll_bus_sleep
 .text.cyw43_ll_bus_init
                0x1000c8b0      0xcb8 CMakeFiles/Proyecto.dir/C_/Users/Helios/Desktop/RASPBERRY/pico-sdk/lib/cyw43-driver/src/cyw43_ll.c.obj
                0x1000c8b0                cyw43_ll_bus_init
 .text.cyw43_ll_wifi_on
                0x1000d568      0x2b0 CMakeFiles/Proyecto.dir/C_/Users/Helios/Desktop/RASPBERRY/pico-sdk/lib/cyw43-driver/src/cyw43_ll.c.obj
                0x1000d568                cyw43_ll_wifi_on
 .text.cyw43_ll_wifi_get_mac
                0x1000d818       0x44 CMakeFiles/Proyecto.dir/C_/Users/Helios/Desktop/RASPBERRY/pico-sdk/lib/cyw43-driver/src/cyw43_ll.c.obj
                0x1000d818                cyw43_ll_wifi_get_mac
 .text.cyw43_ll_wifi_pm
                0x1000d85c      0x194 CMakeFiles/Proyecto.dir/C_/Users/Helios/Desktop/RASPBERRY/pico-sdk/lib/cyw43-driver/src/cyw43_ll.c.obj
                0x1000d85c                cyw43_ll_wifi_pm
 .text.cyw43_ll_wifi_join
                0x1000d9f0      0x308 CMakeFiles/Proyecto.dir/C_/Users/Helios/Desktop/RASPBERRY/pico-sdk/lib/cyw43-driver/src/cyw43_ll.c.obj
                0x1000d9f0                cyw43_ll_wifi_join
 .text.cyw43_ll_wifi_set_wpa_auth
                0x1000dcf8       0x2c CMakeFiles/Proyecto.dir/C_/Users/Helios/Desktop/RASPBERRY/pico-sdk/lib/cyw43-driver/src/cyw43_ll.c.obj
                0x1000dcf8                cyw43_ll_wifi_set_wpa_auth
 .text.cyw43_ll_wifi_rejoin
                0x1000dd24       0x1c CMakeFiles/Proyecto.dir/C_/Users/Helios/Desktop/RASPBERRY/pico-sdk/lib/cyw43-driver/src/cyw43_ll.c.obj
                0x1000dd24                cyw43_ll_wifi_rejoin
 .text.cyw43_ll_wifi_ap_init
                0x1000dd40      0x2c4 CMakeFiles/Proyecto.dir/C_/Users/Helios/Desktop/RASPBERRY/pico-sdk/lib/cyw43-driver/src/cyw43_ll.c.obj
                0x1000dd40                cyw43_ll_wifi_ap_init
 .text.cyw43_ll_wifi_ap_set_up
                0x1000e004       0x54 CMakeFiles/Proyecto.dir/C_/Users/Helios/Desktop/RASPBERRY/pico-sdk/lib/cyw43-driver/src/cyw43_ll.c.obj
                0x1000e004                cyw43_ll_wifi_ap_set_up
 .text.cyw43_ll_has_work
                0x1000e058       0x14 CMakeFiles/Proyecto.dir/C_/Users/Helios/Desktop/RASPBERRY/pico-sdk/lib/cyw43-driver/src/cyw43_ll.c.obj
                0x1000e058                cyw43_ll_has_work
 .text.cyw43_netif_init
                0x1000e06c       0x3c CMakeFiles/Proyecto.dir/C_/Users/Helios/Desktop/RASPBERRY/pico-sdk/lib/cyw43-driver/src/cyw43_lwip.c.obj
 .text.cyw43_netif_output
                0x1000e0a8       0x34 CMakeFiles/Proyecto.dir/C_/Users/Helios/Desktop/RASPBERRY/pico-sdk/lib/cyw43-driver/src/cyw43_lwip.c.obj
 .text.cyw43_cb_tcpip_init
                0x1000e0dc       0xfc CMakeFiles/Proyecto.dir/C_/Users/Helios/Desktop/RASPBERRY/pico-sdk/lib/cyw43-driver/src/cyw43_lwip.c.obj
                0x1000e0dc                cyw43_cb_tcpip_init
 .text.cyw43_cb_tcpip_deinit
                0x1000e1d8       0x4c CMakeFiles/Proyecto.dir/C_/Users/Helios/Desktop/RASPBERRY/pico-sdk/lib/cyw43-driver/src/cyw43_lwip.c.obj
                0x1000e1d8                cyw43_cb_tcpip_deinit
 .text.cyw43_cb_process_ethernet
                0x1000e224       0x68 CMakeFiles/Proyecto.dir/C_/Users/Helios/Desktop/RASPBERRY/pico-sdk/lib/cyw43-driver/src/cyw43_lwip.c.obj
                0x1000e224                cyw43_cb_process_ethernet
 .text.cyw43_cb_tcpip_set_link_up
                0x1000e28c       0x18 CMakeFiles/Proyecto.dir/C_/Users/Helios/Desktop/RASPBERRY/pico-sdk/lib/cyw43-driver/src/cyw43_lwip.c.obj
                0x1000e28c                cyw43_cb_tcpip_set_link_up
 .text.cyw43_cb_tcpip_set_link_down
                0x1000e2a4       0x18 CMakeFiles/Proyecto.dir/C_/Users/Helios/Desktop/RASPBERRY/pico-sdk/lib/cyw43-driver/src/cyw43_lwip.c.obj
                0x1000e2a4                cyw43_cb_tcpip_set_link_down
 .text.cyw43_tcpip_link_status
                0x1000e2bc       0x34 CMakeFiles/Proyecto.dir/C_/Users/Helios/Desktop/RASPBERRY/pico-sdk/lib/cyw43-driver/src/cyw43_lwip.c.obj
                0x1000e2bc                cyw43_tcpip_link_status
 .text.cyw43_poll_func
                0x1000e2f0       0xbc CMakeFiles/Proyecto.dir/C_/Users/Helios/Desktop/RASPBERRY/pico-sdk/lib/cyw43-driver/src/cyw43_ctrl.c.obj
 .text.cyw43_init
                0x1000e3ac       0x6c CMakeFiles/Proyecto.dir/C_/Users/Helios/Desktop/RASPBERRY/pico-sdk/lib/cyw43-driver/src/cyw43_ctrl.c.obj
                0x1000e3ac                cyw43_init
 .text.cyw43_cb_read_host_interrupt_pin
                0x1000e418        0xc CMakeFiles/Proyecto.dir/C_/Users/Helios/Desktop/RASPBERRY/pico-sdk/lib/cyw43-driver/src/cyw43_ctrl.c.obj
                0x1000e418                cyw43_cb_read_host_interrupt_pin
 .text.cyw43_cb_ensure_awake
                0x1000e424        0xc CMakeFiles/Proyecto.dir/C_/Users/Helios/Desktop/RASPBERRY/pico-sdk/lib/cyw43-driver/src/cyw43_ctrl.c.obj
                0x1000e424                cyw43_cb_ensure_awake
 .text.cyw43_cb_process_async_event
                0x1000e430      0x238 CMakeFiles/Proyecto.dir/C_/Users/Helios/Desktop/RASPBERRY/pico-sdk/lib/cyw43-driver/src/cyw43_ctrl.c.obj
                0x1000e430                cyw43_cb_process_async_event
 .text.cyw43_send_ethernet
                0x1000e668       0xc0 CMakeFiles/Proyecto.dir/C_/Users/Helios/Desktop/RASPBERRY/pico-sdk/lib/cyw43-driver/src/cyw43_ctrl.c.obj
                0x1000e668                cyw43_send_ethernet
 .text.cyw43_wifi_get_mac
                0x1000e728       0x10 CMakeFiles/Proyecto.dir/C_/Users/Helios/Desktop/RASPBERRY/pico-sdk/lib/cyw43-driver/src/cyw43_ctrl.c.obj
                0x1000e728                cyw43_wifi_get_mac
 .text.cyw43_wifi_set_up
                0x1000e738      0x2c8 CMakeFiles/Proyecto.dir/C_/Users/Helios/Desktop/RASPBERRY/pico-sdk/lib/cyw43-driver/src/cyw43_ctrl.c.obj
                0x1000e738                cyw43_wifi_set_up
 .text.cyw43_wifi_link_status
                0x1000ea00       0x3c CMakeFiles/Proyecto.dir/C_/Users/Helios/Desktop/RASPBERRY/pico-sdk/lib/cyw43-driver/src/cyw43_ctrl.c.obj
                0x1000ea00                cyw43_wifi_link_status
 .text.cyw43_wifi_join
                0x1000ea3c       0xf0 CMakeFiles/Proyecto.dir/C_/Users/Helios/Desktop/RASPBERRY/pico-sdk/lib/cyw43-driver/src/cyw43_ctrl.c.obj
                0x1000ea3c                cyw43_wifi_join
 .text.pio_sm_unclaim
                0x1000eb2c       0x20 CMakeFiles/Proyecto.dir/C_/Users/Helios/Desktop/RASPBERRY/pico-sdk/src/rp2_common/hardware_pio/pio.c.obj
                0x1000eb2c                pio_sm_unclaim
 .text.pio_claim_unused_sm
                0x1000eb4c       0x3c CMakeFiles/Proyecto.dir/C_/Users/Helios/Desktop/RASPBERRY/pico-sdk/src/rp2_common/hardware_pio/pio.c.obj
                0x1000eb4c                pio_claim_unused_sm
 .text.pio_can_add_program
                0x1000eb88       0x68 CMakeFiles/Proyecto.dir/C_/Users/Helios/Desktop/RASPBERRY/pico-sdk/src/rp2_common/hardware_pio/pio.c.obj
                0x1000eb88                pio_can_add_program
 .text.pio_add_program
                0x1000ebf0       0xc8 CMakeFiles/Proyecto.dir/C_/Users/Helios/Desktop/RASPBERRY/pico-sdk/src/rp2_common/hardware_pio/pio.c.obj
                0x1000ebf0                pio_add_program
 .text.pio_remove_program
                0x1000ecb8       0x34 CMakeFiles/Proyecto.dir/C_/Users/Helios/Desktop/RASPBERRY/pico-sdk/src/rp2_common/hardware_pio/pio.c.obj
                0x1000ecb8                pio_remove_program
 .text.pio_sm_set_pindirs_with_mask
                0x1000ecec       0x88 CMakeFiles/Proyecto.dir/C_/Users/Helios/Desktop/RASPBERRY/pico-sdk/src/rp2_common/hardware_pio/pio.c.obj
                0x1000ecec                pio_sm_set_pindirs_with_mask
 .text.pio_sm_set_consecutive_pindirs
                0x1000ed74       0x84 CMakeFiles/Proyecto.dir/C_/Users/Helios/Desktop/RASPBERRY/pico-sdk/src/rp2_common/hardware_pio/pio.c.obj
                0x1000ed74                pio_sm_set_consecutive_pindirs
 .text.dma_channel_unclaim
                0x1000edf8       0x10 CMakeFiles/Proyecto.dir/C_/Users/Helios/Desktop/RASPBERRY/pico-sdk/src/rp2_common/hardware_dma/dma.c.obj
                0x1000edf8                dma_channel_unclaim
 .text.dma_claim_unused_channel
                0x1000ee08       0x20 CMakeFiles/Proyecto.dir/C_/Users/Helios/Desktop/RASPBERRY/pico-sdk/src/rp2_common/hardware_dma/dma.c.obj
                0x1000ee08                dma_claim_unused_channel
 .text.lwip_init
                0x1000ee28       0x24 CMakeFiles/Proyecto.dir/C_/Users/Helios/Desktop/RASPBERRY/pico-sdk/lib/lwip/src/core/init.c.obj
                0x1000ee28                lwip_init
 .text.lwip_htons
                0x1000ee4c        0x8 CMakeFiles/Proyecto.dir/C_/Users/Helios/Desktop/RASPBERRY/pico-sdk/lib/lwip/src/core/def.c.obj
                0x1000ee4c                lwip_htons
 .text.lwip_htonl
                0x1000ee54        0x4 CMakeFiles/Proyecto.dir/C_/Users/Helios/Desktop/RASPBERRY/pico-sdk/lib/lwip/src/core/def.c.obj
                0x1000ee54                lwip_htonl
 .text.dns_call_found
                0x1000ee58      0x134 CMakeFiles/Proyecto.dir/C_/Users/Helios/Desktop/RASPBERRY/pico-sdk/lib/lwip/src/core/dns.c.obj
 .text.dns_send.isra.0
                0x1000ef8c      0x158 CMakeFiles/Proyecto.dir/C_/Users/Helios/Desktop/RASPBERRY/pico-sdk/lib/lwip/src/core/dns.c.obj
 .text.dns_init
                0x1000f0e4        0x4 CMakeFiles/Proyecto.dir/C_/Users/Helios/Desktop/RASPBERRY/pico-sdk/lib/lwip/src/core/dns.c.obj
                0x1000f0e4                dns_init
 .text.dns_setserver
                0x1000f0e8       0x2c CMakeFiles/Proyecto.dir/C_/Users/Helios/Desktop/RASPBERRY/pico-sdk/lib/lwip/src/core/dns.c.obj
                0x1000f0e8                dns_setserver
 .text.dns_tmr  0x1000f114      0x12c CMakeFiles/Proyecto.dir/C_/Users/Helios/Desktop/RASPBERRY/pico-sdk/lib/lwip/src/core/dns.c.obj
                0x1000f114                dns_tmr
 .text.lwip_standard_chksum
                0x1000f240       0xd8 CMakeFiles/Proyecto.dir/C_/Users/Helios/Desktop/RASPBERRY/pico-sdk/lib/lwip/src/core/inet_chksum.c.obj
                0x1000f240                lwip_standard_chksum
 .text.inet_chksum_pseudo
                0x1000f318       0xb4 CMakeFiles/Proyecto.dir/C_/Users/Helios/Desktop/RASPBERRY/pico-sdk/lib/lwip/src/core/inet_chksum.c.obj
                0x1000f318                inet_chksum_pseudo
 .text.ip_chksum_pseudo
                0x1000f3cc       0x10 CMakeFiles/Proyecto.dir/C_/Users/Helios/Desktop/RASPBERRY/pico-sdk/lib/lwip/src/core/inet_chksum.c.obj
                0x1000f3cc                ip_chksum_pseudo
 .text.inet_chksum
                0x1000f3dc        0xc CMakeFiles/Proyecto.dir/C_/Users/Helios/Desktop/RASPBERRY/pico-sdk/lib/lwip/src/core/inet_chksum.c.obj
                0x1000f3dc                inet_chksum
 .text.inet_chksum_pbuf
                0x1000f3e8       0x6c CMakeFiles/Proyecto.dir/C_/Users/Helios/Desktop/RASPBERRY/pico-sdk/lib/lwip/src/core/inet_chksum.c.obj
                0x1000f3e8                inet_chksum_pbuf
 .text.mem_init
                0x1000f454        0x4 CMakeFiles/Proyecto.dir/C_/Users/Helios/Desktop/RASPBERRY/pico-sdk/lib/lwip/src/core/mem.c.obj
                0x1000f454                mem_init
 .text.mem_trim
                0x1000f458        0x4 CMakeFiles/Proyecto.dir/C_/Users/Helios/Desktop/RASPBERRY/pico-sdk/lib/lwip/src/core/mem.c.obj
                0x1000f458                mem_trim
 .text.mem_malloc
                0x1000f45c       0x18 CMakeFiles/Proyecto.dir/C_/Users/Helios/Desktop/RASPBERRY/pico-sdk/lib/lwip/src/core/mem.c.obj
                0x1000f45c                mem_malloc
 .text.mem_free
                0x1000f474        0x8 CMakeFiles/Proyecto.dir/C_/Users/Helios/Desktop/RASPBERRY/pico-sdk/lib/lwip/src/core/mem.c.obj
                0x1000f474                mem_free
 .text.memp_init
                0x1000f47c       0x6c CMakeFiles/Proyecto.dir/C_/Users/Helios/Desktop/RASPBERRY/pico-sdk/lib/lwip/src/core/memp.c.obj
                0x1000f47c                memp_init
 .text.memp_malloc
                0x1000f4e8       0x34 CMakeFiles/Proyecto.dir/C_/Users/Helios/Desktop/RASPBERRY/pico-sdk/lib/lwip/src/core/memp.c.obj
                0x1000f4e8                memp_malloc
 .text.memp_free
                0x1000f51c       0x28 CMakeFiles/Proyecto.dir/C_/Users/Helios/Desktop/RASPBERRY/pico-sdk/lib/lwip/src/core/memp.c.obj
                0x1000f51c                memp_free
 .text.netif_null_output_ip4
                0x1000f544        0x8 CMakeFiles/Proyecto.dir/C_/Users/Helios/Desktop/RASPBERRY/pico-sdk/lib/lwip/src/core/netif.c.obj
 .text.netif_init
                0x1000f54c        0x4 CMakeFiles/Proyecto.dir/C_/Users/Helios/Desktop/RASPBERRY/pico-sdk/lib/lwip/src/core/netif.c.obj
                0x1000f54c                netif_init
 .text.netif_set_addr
                0x1000f550       0xf0 CMakeFiles/Proyecto.dir/C_/Users/Helios/Desktop/RASPBERRY/pico-sdk/lib/lwip/src/core/netif.c.obj
                0x1000f550                netif_set_addr
 .text.netif_add
                0x1000f640       0xf0 CMakeFiles/Proyecto.dir/C_/Users/Helios/Desktop/RASPBERRY/pico-sdk/lib/lwip/src/core/netif.c.obj
                0x1000f640                netif_add
 .text.netif_remove
                0x1000f730       0x94 CMakeFiles/Proyecto.dir/C_/Users/Helios/Desktop/RASPBERRY/pico-sdk/lib/lwip/src/core/netif.c.obj
                0x1000f730                netif_remove
 .text.netif_set_default
                0x1000f7c4        0xc CMakeFiles/Proyecto.dir/C_/Users/Helios/Desktop/RASPBERRY/pico-sdk/lib/lwip/src/core/netif.c.obj
                0x1000f7c4                netif_set_default
 .text.netif_set_up
                0x1000f7d0       0x40 CMakeFiles/Proyecto.dir/C_/Users/Helios/Desktop/RASPBERRY/pico-sdk/lib/lwip/src/core/netif.c.obj
                0x1000f7d0                netif_set_up
 .text.netif_set_link_up
                0x1000f810       0x44 CMakeFiles/Proyecto.dir/C_/Users/Helios/Desktop/RASPBERRY/pico-sdk/lib/lwip/src/core/netif.c.obj
                0x1000f810                netif_set_link_up
 .text.netif_set_link_down
                0x1000f854       0x20 CMakeFiles/Proyecto.dir/C_/Users/Helios/Desktop/RASPBERRY/pico-sdk/lib/lwip/src/core/netif.c.obj
                0x1000f854                netif_set_link_down
 .text.netif_get_by_index
                0x1000f874       0x2c CMakeFiles/Proyecto.dir/C_/Users/Helios/Desktop/RASPBERRY/pico-sdk/lib/lwip/src/core/netif.c.obj
                0x1000f874                netif_get_by_index
 .text.pbuf_free_ooseq
                0x1000f8a0       0x34 CMakeFiles/Proyecto.dir/C_/Users/Helios/Desktop/RASPBERRY/pico-sdk/lib/lwip/src/core/pbuf.c.obj
                0x1000f8a0                pbuf_free_ooseq
 .text.pbuf_alloc
                0x1000f8d4      0x16c CMakeFiles/Proyecto.dir/C_/Users/Helios/Desktop/RASPBERRY/pico-sdk/lib/lwip/src/core/pbuf.c.obj
                0x1000f8d4                pbuf_alloc
 .text.pbuf_realloc
                0x1000fa40       0xbc CMakeFiles/Proyecto.dir/C_/Users/Helios/Desktop/RASPBERRY/pico-sdk/lib/lwip/src/core/pbuf.c.obj
                0x1000fa40                pbuf_realloc
 .text.pbuf_add_header
                0x1000fafc       0x4c CMakeFiles/Proyecto.dir/C_/Users/Helios/Desktop/RASPBERRY/pico-sdk/lib/lwip/src/core/pbuf.c.obj
                0x1000fafc                pbuf_add_header
 .text.pbuf_remove_header
                0x1000fb48       0x38 CMakeFiles/Proyecto.dir/C_/Users/Helios/Desktop/RASPBERRY/pico-sdk/lib/lwip/src/core/pbuf.c.obj
                0x1000fb48                pbuf_remove_header
 .text.pbuf_header_force